******************************************************************************
            TI ARM Clang Linker PC v4.0.3                      
******************************************************************************
>> Linked Thu Jul 31 09:08:28 2025

OUTPUT FILE NAME:   <222-3.Motor.OLED.encoder.huidu.out>
ENTRY POINT SYMBOL: "_c_int00_noargs"  address: 00001cb5


MEMORY CONFIGURATION

         name            origin    length      used     unused   attr    fill
----------------------  --------  ---------  --------  --------  ----  --------
  FLASH                 00000000   00020000  00002f48  0001d0b8  R  X
  SRAM                  20200000   00008000  0000075d  000078a3  RW X
  BCR_CONFIG            41c00000   00000080  00000000  00000080  R   
  BSL_CONFIG            41c00100   00000080  00000000  00000080  R   


SEGMENT ALLOCATION MAP

run origin  load origin   length   init length attrs members
----------  ----------- ---------- ----------- ----- -------
00000000    00000000    00002328   00002328    r-x
  00000000    00000000    000000c0   000000c0    r-- .intvecs
  000000c0    000000c0    00002268   00002268    r-x .text
00002330    00002330    00000c20   00000c20    r--
  00002330    00002330    00000bf0   00000bf0    r-- .rodata
  00002f20    00002f20    00000030   00000030    r-- .cinit
20200000    20200000    00000560   00000000    rw-
  20200000    20200000    00000555   00000000    rw- .bss
  20200558    20200558    00000008   00000000    rw- .data
20207e00    20207e00    00000200   00000000    rw-
  20207e00    20207e00    00000200   00000000    rw- .stack


SECTION ALLOCATION MAP

 output                                  attributes/
section   page    origin      length       input sections
--------  ----  ----------  ----------   ----------------
.intvecs   0    00000000    000000c0     
                  00000000    000000c0     startup_mspm0g350x_ticlang.o (.intvecs)

.text      0    000000c0    00002268     
                  000000c0    00000868     libc.a : _printfi.c.obj (.text:__TI_printfi_nofloat)
                  00000928    00000128     empty.o (.text.main)
                  00000a50    00000120     encoder.o (.text.GROUP1_IRQHandler)
                  00000b70    00000118     ti_msp_dl_config.o (.text.SYSCFG_DL_GPIO_init)
                  00000c88    00000114     oled.o (.text.OLED_ShowChar)
                  00000d9c    000000e8     driverlib.a : dl_timer.o (.text.DL_Timer_initTimerMode)
                  00000e84    000000e4     oled.o (.text.OLED_Init)
                  00000f68    000000dc     driverlib.a : dl_sysctl_mspm0g1x0x_g3x0x.o (.text.DL_SYSCTL_configSYSPLL)
                  00001044    000000dc     oled.o (.text.OLED_ShowNumber)
                  00001120    000000c4     driverlib.a : dl_timer.o (.text.DL_Timer_initPWMMode)
                  000011e4    000000a2     libclang_rt.builtins.a : udivmoddi4.S.obj (.text)
                  00001286    00000002                            : aeabi_div0.c.obj (.text.__aeabi_idiv0)
                  00001288    00000090     oled.o (.text.OLED_DrawPoint)
                  00001318    00000090     board.o (.text.delay_us)
                  000013a8    00000084     ti_msp_dl_config.o (.text.__NVIC_SetPriority)
                  0000142c    00000080     driverlib.a : dl_timer.o (.text.DL_TimerA_initPWMMode)
                  000014ac    00000080     ti_msp_dl_config.o (.text.SYSCFG_DL_PWM_0_init)
                  0000152c    0000007c     oled.o (.text.OLED_Refresh_Gram)
                  000015a8    0000007c     libc.a : copy_decompress_lzss.c.obj (.text:decompress:lzss)
                  00001624    0000007a     oled.o (.text.OLED_ShowString)
                  0000169e    0000006e     oled.o (.text.OLED_WR_Byte)
                  0000170c    00000068     ti_msp_dl_config.o (.text.SYSCFG_DL_initPower)
                  00001774    00000060     oled.o (.text.OLED_Clear)
                  000017d4    0000005c     ti_msp_dl_config.o (.text.SYSCFG_DL_UART_0_init)
                  00001830    0000004c     ti_msp_dl_config.o (.text.DL_UART_setBaudRateDivisor)
                  0000187c    0000004c     ti_msp_dl_config.o (.text.SYSCFG_DL_SYSCTL_init)
                  000018c8    00000048     driverlib.a : dl_uart.o (.text.DL_UART_init)
                  00001910    00000044                 : dl_sysctl_mspm0g1x0x_g3x0x.o (.text.DL_SYSCTL_switchMCLKfromSYSOSCtoHSCLK)
                  00001954    00000044     empty.o (.text.TIMG0_IRQHandler)
                  00001998    00000040     libclang_rt.builtins.a : aeabi_uidivmod.S.obj (.text.__aeabi_uidivmod)
                  000019d8    00000040     libc.a : atoi.c.obj (.text.atoi)
                  00001a18    0000003c            : autoinit.c.obj (.text:__TI_auto_init_nobinit_nopinit)
                  00001a54    0000003a     libclang_rt.builtins.a : muldsi3.S.obj (.text.__muldsi3)
                  00001a8e    00000002                            : aeabi_div0.c.obj (.text.__aeabi_ldiv0)
                  00001a90    00000038     libc.a : sprintf.c.obj (.text.sprintf)
                  00001ac8    00000034     ti_msp_dl_config.o (.text.DL_GPIO_initDigitalInputFeatures)
                  00001afc    00000034     ti_msp_dl_config.o (.text.SYSCFG_DL_TIMER_0_init)
                  00001b30    00000030     board.o (.text.delay_ms)
                  00001b60    00000030     oled.o (.text.oled_pow)
                  00001b90    0000002c     ti_msp_dl_config.o (.text.SYSCFG_DL_init)
                  00001bbc    0000002c     empty.o (.text.__NVIC_ClearPendingIRQ)
                  00001be8    0000002c     empty.o (.text.__NVIC_EnableIRQ)
                  00001c14    00000028     ti_msp_dl_config.o (.text.DL_Common_updateReg)
                  00001c3c    00000028     ti_msp_dl_config.o (.text.DL_SYSTICK_init)
                  00001c64    00000028     ti_msp_dl_config.o (.text.DL_UART_setRXFIFOThreshold)
                  00001c8c    00000028     ti_msp_dl_config.o (.text.DL_UART_setTXFIFOThreshold)
                  00001cb4    00000028     libc.a : boot_cortex_m.c.obj (.text:_c_int00_noargs)
                  00001cdc    00000024     libclang_rt.builtins.a : muldi3.S.obj (.text.__muldi3)
                  00001d00    00000022     libc.a : memccpy.c.obj (.text.memccpy)
                  00001d22    00000002     --HOLE-- [fill = 0]
                  00001d24    00000020     ti_msp_dl_config.o (.text.DL_GPIO_initPeripheralInputFunction)
                  00001d44    00000020     ti_msp_dl_config.o (.text.DL_SYSCTL_setFlashWaitState)
                  00001d64    0000001e     ti_msp_dl_config.o (.text.DL_UART_setOversampling)
                  00001d82    00000002     --HOLE-- [fill = 0]
                  00001d84    0000001e     libclang_rt.builtins.a : ashldi3.S.obj (.text.__ashldi3)
                  00001da2    00000002     --HOLE-- [fill = 0]
                  00001da4    0000001c     encoder.o (.text.DL_GPIO_clearInterruptStatus)
                  00001dc0    0000001c     ti_msp_dl_config.o (.text.DL_GPIO_clearInterruptStatus)
                  00001ddc    0000001c     ti_msp_dl_config.o (.text.DL_GPIO_enableInterrupt)
                  00001df8    0000001c     ti_msp_dl_config.o (.text.DL_GPIO_initDigitalInput)
                  00001e14    0000001c     ti_msp_dl_config.o (.text.DL_GPIO_initPeripheralOutputFunction)
                  00001e30    0000001c     ti_msp_dl_config.o (.text.DL_SYSCTL_setSYSOSCFreq)
                  00001e4c    0000001c     ti_msp_dl_config.o (.text.DL_SYSCTL_setULPCLKDivider)
                  00001e68    0000001c     ti_msp_dl_config.o (.text.DL_Timer_enableInterrupt)
                  00001e84    0000001c     driverlib.a : dl_timer.o (.text.DL_Timer_setCaptCompUpdateMethod)
                  00001ea0    0000001c                 : dl_timer.o (.text.DL_Timer_setClockConfig)
                  00001ebc    00000018     ti_msp_dl_config.o (.text.DL_GPIO_enableOutput)
                  00001ed4    00000018     ti_msp_dl_config.o (.text.DL_GPIO_enablePower)
                  00001eec    00000018     encoder.o (.text.DL_GPIO_getEnabledInterruptStatus)
                  00001f04    00000018     ti_msp_dl_config.o (.text.DL_GPIO_initDigitalOutput)
                  00001f1c    00000018     ti_msp_dl_config.o (.text.DL_GPIO_reset)
                  00001f34    00000018     led.o (.text.DL_GPIO_setPins)
                  00001f4c    00000018     oled.o (.text.DL_GPIO_setPins)
                  00001f64    00000018     ti_msp_dl_config.o (.text.DL_GPIO_setUpperPinsPolarity)
                  00001f7c    00000018     ti_msp_dl_config.o (.text.DL_SYSCTL_setBORThreshold)
                  00001f94    00000018     ti_msp_dl_config.o (.text.DL_Timer_enablePower)
                  00001fac    00000018     ti_msp_dl_config.o (.text.DL_Timer_reset)
                  00001fc4    00000018     driverlib.a : dl_timer.o (.text.DL_Timer_setCaptureCompareOutCtl)
                  00001fdc    00000018     ti_msp_dl_config.o (.text.DL_UART_enableFIFOs)
                  00001ff4    00000018     ti_msp_dl_config.o (.text.DL_UART_enablePower)
                  0000200c    00000018     ti_msp_dl_config.o (.text.DL_UART_reset)
                  00002024    00000018     libc.a : sprintf.c.obj (.text._outs)
                  0000203c    00000016     empty.o (.text.DL_GPIO_readPins)
                  00002052    00000016     encoder.o (.text.DL_GPIO_readPins)
                  00002068    00000016     ti_msp_dl_config.o (.text.DL_UART_enable)
                  0000207e    00000016     ti_msp_dl_config.o (.text.DL_UART_enableLoopbackMode)
                  00002094    00000014     led.o (.text.DL_GPIO_clearPins)
                  000020a8    00000014     oled.o (.text.DL_GPIO_clearPins)
                  000020bc    00000014     ti_msp_dl_config.o (.text.DL_GPIO_clearPins)
                  000020d0    00000014     ti_msp_dl_config.o (.text.DL_SYSCTL_disableSYSPLL)
                  000020e4    00000014     ti_msp_dl_config.o (.text.DL_SYSCTL_enableMFCLK)
                  000020f8    00000014     ti_msp_dl_config.o (.text.DL_Timer_enableClock)
                  0000210c    00000014     ti_msp_dl_config.o (.text.DL_Timer_setCCPDirection)
                  00002120    00000014     led.o (.text.LED_OFF)
                  00002134    00000014     led.o (.text.LED_ON)
                  00002148    00000014     oled.o (.text.OLED_RST_Clr)
                  0000215c    00000014     oled.o (.text.OLED_RST_Set)
                  00002170    00000014     oled.o (.text.OLED_RS_Clr)
                  00002184    00000014     oled.o (.text.OLED_RS_Set)
                  00002198    00000014     oled.o (.text.OLED_SCLK_Clr)
                  000021ac    00000014     oled.o (.text.OLED_SCLK_Set)
                  000021c0    00000014     oled.o (.text.OLED_SDIN_Clr)
                  000021d4    00000014     oled.o (.text.OLED_SDIN_Set)
                  000021e8    00000014     libclang_rt.builtins.a : aeabi_uldivmod.S.obj (.text.__aeabi_uldivmod)
                  000021fc    00000012     empty.o (.text.DL_Timer_getPendingInterrupt)
                  0000220e    00000012     driverlib.a : dl_uart.o (.text.DL_UART_setClockConfig)
                  00002220    00000012     libc.a : memcpy16.S.obj (.text:TI_memcpy_small)
                  00002232    00000012            : copy_decompress_none.c.obj (.text:decompress:none)
                  00002244    00000010     ti_msp_dl_config.o (.text.DL_SYSCTL_disableHFXT)
                  00002254    00000010     ti_msp_dl_config.o (.text.DL_SYSTICK_enable)
                  00002264    00000010     driverlib.a : dl_timer.o (.text.DL_Timer_setCaptureCompareValue)
                  00002274    00000010     ti_msp_dl_config.o (.text.SYSCFG_DL_SYSTICK_init)
                  00002284    00000010     libc.a : wcslen.c.obj (.text.wcslen)
                  00002294    00000010            : copy_zero_init.c.obj (.text:decompress:ZI)
                  000022a4    0000000e     libclang_rt.builtins.a : aeabi_memset.S.obj (.text.__aeabi_memset)
                  000022b2    0000000e     libc.a : _printfi.c.obj (.text.strlen)
                  000022c0    0000000e            : memset16.S.obj (.text:TI_memset_small)
                  000022ce    00000002     --HOLE-- [fill = 0]
                  000022d0    0000000c     board.o (.text.Systick_getTick)
                  000022dc    0000000c     libclang_rt.builtins.a : aeabi_memset.S.obj (.text.__aeabi_memclr)
                  000022e8    0000000a     driverlib.a : dl_common.o (.text.DL_Common_delayCycles)
                  000022f2    0000000a     libc.a : sprintf.c.obj (.text._outc)
                  000022fc    00000008            : aeabi_portable.c.obj (.text.__aeabi_errno_addr)
                  00002304    00000008     libclang_rt.builtins.a : aeabi_memcpy.S.obj (.text.__aeabi_memcpy)
                  0000230c    00000006     libc.a : exit.c.obj (.text:abort)
                  00002312    00000004     startup_mspm0g350x_ticlang.o (.text.Default_Handler)
                  00002316    00000004     libsysbm.a : hostexit.c.obj (.text.HOSTexit)
                  0000231a    00000004     startup_mspm0g350x_ticlang.o (.text.Reset_Handler)
                  0000231e    00000004     libc.a : pre_init.c.obj (.text._system_pre_init)
                  00002322    00000006     --HOLE-- [fill = 0]

.cinit     0    00002f20    00000030     
                  00002f20    0000000c     (__TI_handler_table)
                  00002f2c    00000008     (.cinit..bss.load) [load image, compression = zero_init]
                  00002f34    00000007     (.cinit..data.load) [load image, compression = lzss]
                  00002f3b    00000001     --HOLE-- [fill = 0]
                  00002f3c    00000010     (__TI_cinit_table)
                  00002f4c    00000004     --HOLE-- [fill = 0]

.rodata    0    00002330    00000bf0     
                  00002330    000005f0     oled.o (.rodata.oled_asc2_1608)
                  00002920    00000474     oled.o (.rodata.oled_asc2_1206)
                  00002d94    0000000a     ti_msp_dl_config.o (.rodata.gUART_0Config)
                  00002d9e    00000002     ti_msp_dl_config.o (.rodata.gUART_0ClockConfig)
                  00002da0    00000101     libc.a : aeabi_ctype.S.obj (.rodata:__aeabi_ctype_table_)
                  00002ea1    00000003     ti_msp_dl_config.o (.rodata.gPWM_0ClockConfig)
                  00002ea4    00000028     ti_msp_dl_config.o (.rodata.gSYSPLLConfig)
                  00002ecc    00000014     ti_msp_dl_config.o (.rodata.gTIMER_0TimerConfig)
                  00002ee0    00000011     libc.a : _printfi.c.obj (.rodata.str1.10348868589481759720.1)
                  00002ef1    00000011            : _printfi.c.obj (.rodata.str1.15363888844622738466.1)
                  00002f02    00000002     --HOLE-- [fill = 0]
                  00002f04    00000008     ti_msp_dl_config.o (.rodata.gPWM_0Config)
                  00002f0c    00000005     empty.o (.rodata.str1.9517790425240694019.1)
                  00002f11    00000003     ti_msp_dl_config.o (.rodata.gTIMER_0ClockConfig)
                  00002f14    0000000c     --HOLE-- [fill = 0]

.init_array 
*          0    00000000    00000000     UNINITIALIZED

.binit     0    00000000    00000000     

.bss       0    20200000    00000555     UNINITIALIZED
                  20200000    00000400     (.common:OLED_GRAM)
                  20200400    000000bc     (.common:gPWM_0Backup)
                  202004bc    00000020     (.common:oled_buffer1)
                  202004dc    00000020     (.common:oled_buffer2)
                  202004fc    00000020     (.common:oled_buffer3)
                  2020051c    00000020     (.common:oled_buffer4)
                  2020053c    00000004     (.common:Get_Encoder_countA)
                  20200540    00000004     (.common:Get_Encoder_countB)
                  20200544    00000004     (.common:encoderA_cnt)
                  20200548    00000004     (.common:encoderB_cnt)
                  2020054c    00000004     (.common:gpio_interrup1)
                  20200550    00000004     (.common:gpio_interrup2)
                  20200554    00000001     (.common:H1)

.data      0    20200558    00000008     UNINITIALIZED
                  20200558    00000004     libc.a : aeabi_portable.c.obj (.data.__aeabi_errno)
                  2020055c    00000004     empty.o (.data.temp)

.stack     0    20207e00    00000200     UNINITIALIZED
                  20207e00    00000004     libc.a : boot_cortex_m.c.obj (.stack)
                  20207e04    000001fc     --HOLE--

__llvm_prf_cnts 
*          0    20200000    00000000     UNINITIALIZED

__llvm_prf_bits 
*          0    20200000    00000000     UNINITIALIZED

MODULE SUMMARY

       Module                         code   ro data   rw data
       ------                         ----   -------   -------
    .\
       ti_msp_dl_config.o             1942   86        188    
       empty.o                        492    5         149    
       startup_mspm0g350x_ticlang.o   8      192       0      
    +--+------------------------------+------+---------+---------+
       Total:                         2442   283       337    
                                                              
    .\Hardware\
       oled.o                         1572   2660      1024   
       encoder.o                      362    0         8      
       board.o                        204    0         0      
       led.o                          84     0         0      
    +--+------------------------------+------+---------+---------+
       Total:                         2222   2660      1032   
                                                              
    C:/ti/mspm0_sdk_2_01_00_03/source/ti/driverlib/lib/ticlang/m0p/mspm0g1x0x_g3x0x/driverlib.a
       dl_timer.o                     652    0         0      
       dl_sysctl_mspm0g1x0x_g3x0x.o   288    0         0      
       dl_uart.o                      90     0         0      
       dl_common.o                    10     0         0      
    +--+------------------------------+------+---------+---------+
       Total:                         1040   0         0      
                                                              
    C:\ti\ccs2020\ccs\tools\compiler\ti-cgt-armllvm_4.0.3.LTS\lib\armv6m-ti-none-eabi/c/libc.a
       _printfi.c.obj                 2166   34        0      
       aeabi_ctype.S.obj              0      257       0      
       copy_decompress_lzss.c.obj     124    0         0      
       sprintf.c.obj                  90     0         0      
       atoi.c.obj                     64     0         0      
       autoinit.c.obj                 60     0         0      
       boot_cortex_m.c.obj            40     0         0      
       memccpy.c.obj                  34     0         0      
       copy_decompress_none.c.obj     18     0         0      
       memcpy16.S.obj                 18     0         0      
       copy_zero_init.c.obj           16     0         0      
       wcslen.c.obj                   16     0         0      
       memset16.S.obj                 14     0         0      
       aeabi_portable.c.obj           8      0         4      
       exit.c.obj                     6      0         0      
       pre_init.c.obj                 4      0         0      
    +--+------------------------------+------+---------+---------+
       Total:                         2678   291       4      
                                                              
    C:\ti\ccs2020\ccs\tools\compiler\ti-cgt-armllvm_4.0.3.LTS\lib\armv6m-ti-none-eabi/c/libsysbm.a
       hostexit.c.obj                 4      0         0      
    +--+------------------------------+------+---------+---------+
       Total:                         4      0         0      
                                                              
    C:\ti\ccs2020\ccs\tools\compiler\ti-cgt-armllvm_4.0.3.LTS\lib\armv6m-ti-none-eabi/libclang_rt.builtins.a
       udivmoddi4.S.obj               162    0         0      
       aeabi_uidivmod.S.obj           64     0         0      
       muldsi3.S.obj                  58     0         0      
       muldi3.S.obj                   36     0         0      
       ashldi3.S.obj                  30     0         0      
       aeabi_memset.S.obj             26     0         0      
       aeabi_uldivmod.S.obj           20     0         0      
       aeabi_memcpy.S.obj             8      0         0      
       aeabi_div0.c.obj               4      0         0      
    +--+------------------------------+------+---------+---------+
       Total:                         408    0         0      
                                                              
       Stack:                         0      0         512    
       Linker Generated:              0      43        0      
    +--+------------------------------+------+---------+---------+
       Grand Total:                   8794   3277      1885   


LINKER GENERATED COPY TABLES

__TI_cinit_table @ 00002f3c records: 2, size/record: 8, table size: 16
	.bss: load addr=00002f2c, load size=00000008 bytes, run addr=20200000, run size=00000555 bytes, compression=zero_init
	.data: load addr=00002f34, load size=00000007 bytes, run addr=20200558, run size=00000008 bytes, compression=lzss


LINKER GENERATED HANDLER TABLE

__TI_handler_table @ 00002f20 records: 3, size/record: 4, table size: 12
	index: 0, handler: __TI_decompress_lzss
	index: 1, handler: __TI_decompress_none
	index: 2, handler: __TI_zero_init


GLOBAL SYMBOLS: SORTED ALPHABETICALLY BY Name 

address   name                                 
-------   ----                                 
00002313  ADC0_IRQHandler                      
00002313  ADC1_IRQHandler                      
00002313  AES_IRQHandler                       
00002316  C$$EXIT                              
00002313  CANFD0_IRQHandler                    
00002313  DAC0_IRQHandler                      
000022e9  DL_Common_delayCycles                
00000f69  DL_SYSCTL_configSYSPLL               
00001911  DL_SYSCTL_switchMCLKfromSYSOSCtoHSCLK
0000142d  DL_TimerA_initPWMMode                
00001121  DL_Timer_initPWMMode                 
00000d9d  DL_Timer_initTimerMode               
00001e85  DL_Timer_setCaptCompUpdateMethod     
00001fc5  DL_Timer_setCaptureCompareOutCtl     
00002265  DL_Timer_setCaptureCompareValue      
00001ea1  DL_Timer_setClockConfig              
000018c9  DL_UART_init                         
0000220f  DL_UART_setClockConfig               
00002313  DMA_IRQHandler                       
00002313  Default_Handler                      
00002313  GROUP0_IRQHandler                    
00000a51  GROUP1_IRQHandler                    
2020053c  Get_Encoder_countA                   
20200540  Get_Encoder_countB                   
20200554  H1                                   
00002317  HOSTexit                             
00002313  HardFault_Handler                    
00002313  I2C0_IRQHandler                      
00002313  I2C1_IRQHandler                      
00002121  LED_OFF                              
00002135  LED_ON                               
00002313  NMI_Handler                          
00001775  OLED_Clear                           
00001289  OLED_DrawPoint                       
20200000  OLED_GRAM                            
00000e85  OLED_Init                            
00002149  OLED_RST_Clr                         
0000215d  OLED_RST_Set                         
00002171  OLED_RS_Clr                          
00002185  OLED_RS_Set                          
0000152d  OLED_Refresh_Gram                    
00002199  OLED_SCLK_Clr                        
000021ad  OLED_SCLK_Set                        
000021c1  OLED_SDIN_Clr                        
000021d5  OLED_SDIN_Set                        
00000c89  OLED_ShowChar                        
00001045  OLED_ShowNumber                      
00001625  OLED_ShowString                      
0000169f  OLED_WR_Byte                         
00002313  PendSV_Handler                       
00002313  RTC_IRQHandler                       
0000231b  Reset_Handler                        
00002313  SPI0_IRQHandler                      
00002313  SPI1_IRQHandler                      
00002313  SVC_Handler                          
00000b71  SYSCFG_DL_GPIO_init                  
000014ad  SYSCFG_DL_PWM_0_init                 
0000187d  SYSCFG_DL_SYSCTL_init                
00002275  SYSCFG_DL_SYSTICK_init               
00001afd  SYSCFG_DL_TIMER_0_init               
000017d5  SYSCFG_DL_UART_0_init                
00001b91  SYSCFG_DL_init                       
0000170d  SYSCFG_DL_initPower                  
00002313  SysTick_Handler                      
000022d1  Systick_getTick                      
00002313  TIMA0_IRQHandler                     
00002313  TIMA1_IRQHandler                     
00001955  TIMG0_IRQHandler                     
00002313  TIMG12_IRQHandler                    
00002313  TIMG6_IRQHandler                     
00002313  TIMG7_IRQHandler                     
00002313  TIMG8_IRQHandler                     
00002221  TI_memcpy_small                      
000022c1  TI_memset_small                      
00002313  UART0_IRQHandler                     
00002313  UART1_IRQHandler                     
00002313  UART2_IRQHandler                     
00002313  UART3_IRQHandler                     
20208000  __STACK_END                          
00000200  __STACK_SIZE                         
00000000  __TI_ATRegion0_region_sz             
00000000  __TI_ATRegion0_src_addr              
00000000  __TI_ATRegion0_trg_addr              
00000000  __TI_ATRegion1_region_sz             
00000000  __TI_ATRegion1_src_addr              
00000000  __TI_ATRegion1_trg_addr              
00000000  __TI_ATRegion2_region_sz             
00000000  __TI_ATRegion2_src_addr              
00000000  __TI_ATRegion2_trg_addr              
00002f3c  __TI_CINIT_Base                      
00002f4c  __TI_CINIT_Limit                     
00002f4c  __TI_CINIT_Warm                      
00002f20  __TI_Handler_Table_Base              
00002f2c  __TI_Handler_Table_Limit             
00001a19  __TI_auto_init_nobinit_nopinit       
000015a9  __TI_decompress_lzss                 
00002233  __TI_decompress_none                 
ffffffff  __TI_pprof_out_hndl                  
000000c1  __TI_printfi_nofloat                 
ffffffff  __TI_prof_data_size                  
ffffffff  __TI_prof_data_start                 
00000000  __TI_static_base__                   
00002295  __TI_zero_init                       
00002da0  __aeabi_ctype_table_                 
00002da0  __aeabi_ctype_table_C                
20200558  __aeabi_errno                        
000022fd  __aeabi_errno_addr                   
00001287  __aeabi_idiv0                        
00001a8f  __aeabi_ldiv0                        
00001d85  __aeabi_llsl                         
00001cdd  __aeabi_lmul                         
000022dd  __aeabi_memclr                       
000022dd  __aeabi_memclr4                      
000022dd  __aeabi_memclr8                      
00002305  __aeabi_memcpy                       
00002305  __aeabi_memcpy4                      
00002305  __aeabi_memcpy8                      
000022a5  __aeabi_memset                       
000022a5  __aeabi_memset4                      
000022a5  __aeabi_memset8                      
00001999  __aeabi_uidiv                        
00001999  __aeabi_uidivmod                     
000021e9  __aeabi_uldivmod                     
00001d85  __ashldi3                            
ffffffff  __binit__                            
UNDEFED   __mpu_init                           
00001cdd  __muldi3                             
00001a55  __muldsi3                            
20207e00  __stack                              
20200000  __start___llvm_prf_bits              
20200000  __start___llvm_prf_cnts              
20200000  __stop___llvm_prf_bits               
20200000  __stop___llvm_prf_cnts               
000011e5  __udivmoddi4                         
00001cb5  _c_int00_noargs                      
UNDEFED   _system_post_cinit                   
0000231f  _system_pre_init                     
0000230d  abort                                
000019d9  atoi                                 
ffffffff  binit                                
00001b31  delay_ms                             
00001319  delay_us                             
20200544  encoderA_cnt                         
20200548  encoderB_cnt                         
20200400  gPWM_0Backup                         
2020054c  gpio_interrup1                       
20200550  gpio_interrup2                       
00000000  interruptVectors                     
00000929  main                                 
00001d01  memccpy                              
00002920  oled_asc2_1206                       
00002330  oled_asc2_1608                       
202004bc  oled_buffer1                         
202004dc  oled_buffer2                         
202004fc  oled_buffer3                         
2020051c  oled_buffer4                         
00001b61  oled_pow                             
00001a91  sprintf                              
2020055c  temp                                 
00002285  wcslen                               


GLOBAL SYMBOLS: SORTED BY Symbol Address 

address   name                                 
-------   ----                                 
00000000  __TI_ATRegion0_region_sz             
00000000  __TI_ATRegion0_src_addr              
00000000  __TI_ATRegion0_trg_addr              
00000000  __TI_ATRegion1_region_sz             
00000000  __TI_ATRegion1_src_addr              
00000000  __TI_ATRegion1_trg_addr              
00000000  __TI_ATRegion2_region_sz             
00000000  __TI_ATRegion2_src_addr              
00000000  __TI_ATRegion2_trg_addr              
00000000  __TI_static_base__                   
00000000  interruptVectors                     
000000c1  __TI_printfi_nofloat                 
00000200  __STACK_SIZE                         
00000929  main                                 
00000a51  GROUP1_IRQHandler                    
00000b71  SYSCFG_DL_GPIO_init                  
00000c89  OLED_ShowChar                        
00000d9d  DL_Timer_initTimerMode               
00000e85  OLED_Init                            
00000f69  DL_SYSCTL_configSYSPLL               
00001045  OLED_ShowNumber                      
00001121  DL_Timer_initPWMMode                 
000011e5  __udivmoddi4                         
00001287  __aeabi_idiv0                        
00001289  OLED_DrawPoint                       
00001319  delay_us                             
0000142d  DL_TimerA_initPWMMode                
000014ad  SYSCFG_DL_PWM_0_init                 
0000152d  OLED_Refresh_Gram                    
000015a9  __TI_decompress_lzss                 
00001625  OLED_ShowString                      
0000169f  OLED_WR_Byte                         
0000170d  SYSCFG_DL_initPower                  
00001775  OLED_Clear                           
000017d5  SYSCFG_DL_UART_0_init                
0000187d  SYSCFG_DL_SYSCTL_init                
000018c9  DL_UART_init                         
00001911  DL_SYSCTL_switchMCLKfromSYSOSCtoHSCLK
00001955  TIMG0_IRQHandler                     
00001999  __aeabi_uidiv                        
00001999  __aeabi_uidivmod                     
000019d9  atoi                                 
00001a19  __TI_auto_init_nobinit_nopinit       
00001a55  __muldsi3                            
00001a8f  __aeabi_ldiv0                        
00001a91  sprintf                              
00001afd  SYSCFG_DL_TIMER_0_init               
00001b31  delay_ms                             
00001b61  oled_pow                             
00001b91  SYSCFG_DL_init                       
00001cb5  _c_int00_noargs                      
00001cdd  __aeabi_lmul                         
00001cdd  __muldi3                             
00001d01  memccpy                              
00001d85  __aeabi_llsl                         
00001d85  __ashldi3                            
00001e85  DL_Timer_setCaptCompUpdateMethod     
00001ea1  DL_Timer_setClockConfig              
00001fc5  DL_Timer_setCaptureCompareOutCtl     
00002121  LED_OFF                              
00002135  LED_ON                               
00002149  OLED_RST_Clr                         
0000215d  OLED_RST_Set                         
00002171  OLED_RS_Clr                          
00002185  OLED_RS_Set                          
00002199  OLED_SCLK_Clr                        
000021ad  OLED_SCLK_Set                        
000021c1  OLED_SDIN_Clr                        
000021d5  OLED_SDIN_Set                        
000021e9  __aeabi_uldivmod                     
0000220f  DL_UART_setClockConfig               
00002221  TI_memcpy_small                      
00002233  __TI_decompress_none                 
00002265  DL_Timer_setCaptureCompareValue      
00002275  SYSCFG_DL_SYSTICK_init               
00002285  wcslen                               
00002295  __TI_zero_init                       
000022a5  __aeabi_memset                       
000022a5  __aeabi_memset4                      
000022a5  __aeabi_memset8                      
000022c1  TI_memset_small                      
000022d1  Systick_getTick                      
000022dd  __aeabi_memclr                       
000022dd  __aeabi_memclr4                      
000022dd  __aeabi_memclr8                      
000022e9  DL_Common_delayCycles                
000022fd  __aeabi_errno_addr                   
00002305  __aeabi_memcpy                       
00002305  __aeabi_memcpy4                      
00002305  __aeabi_memcpy8                      
0000230d  abort                                
00002313  ADC0_IRQHandler                      
00002313  ADC1_IRQHandler                      
00002313  AES_IRQHandler                       
00002313  CANFD0_IRQHandler                    
00002313  DAC0_IRQHandler                      
00002313  DMA_IRQHandler                       
00002313  Default_Handler                      
00002313  GROUP0_IRQHandler                    
00002313  HardFault_Handler                    
00002313  I2C0_IRQHandler                      
00002313  I2C1_IRQHandler                      
00002313  NMI_Handler                          
00002313  PendSV_Handler                       
00002313  RTC_IRQHandler                       
00002313  SPI0_IRQHandler                      
00002313  SPI1_IRQHandler                      
00002313  SVC_Handler                          
00002313  SysTick_Handler                      
00002313  TIMA0_IRQHandler                     
00002313  TIMA1_IRQHandler                     
00002313  TIMG12_IRQHandler                    
00002313  TIMG6_IRQHandler                     
00002313  TIMG7_IRQHandler                     
00002313  TIMG8_IRQHandler                     
00002313  UART0_IRQHandler                     
00002313  UART1_IRQHandler                     
00002313  UART2_IRQHandler                     
00002313  UART3_IRQHandler                     
00002316  C$$EXIT                              
00002317  HOSTexit                             
0000231b  Reset_Handler                        
0000231f  _system_pre_init                     
00002330  oled_asc2_1608                       
00002920  oled_asc2_1206                       
00002da0  __aeabi_ctype_table_                 
00002da0  __aeabi_ctype_table_C                
00002f20  __TI_Handler_Table_Base              
00002f2c  __TI_Handler_Table_Limit             
00002f3c  __TI_CINIT_Base                      
00002f4c  __TI_CINIT_Limit                     
00002f4c  __TI_CINIT_Warm                      
20200000  OLED_GRAM                            
20200000  __start___llvm_prf_bits              
20200000  __start___llvm_prf_cnts              
20200000  __stop___llvm_prf_bits               
20200000  __stop___llvm_prf_cnts               
20200400  gPWM_0Backup                         
202004bc  oled_buffer1                         
202004dc  oled_buffer2                         
202004fc  oled_buffer3                         
2020051c  oled_buffer4                         
2020053c  Get_Encoder_countA                   
20200540  Get_Encoder_countB                   
20200544  encoderA_cnt                         
20200548  encoderB_cnt                         
2020054c  gpio_interrup1                       
20200550  gpio_interrup2                       
20200554  H1                                   
20200558  __aeabi_errno                        
2020055c  temp                                 
20207e00  __stack                              
20208000  __STACK_END                          
ffffffff  __TI_pprof_out_hndl                  
ffffffff  __TI_prof_data_size                  
ffffffff  __TI_prof_data_start                 
ffffffff  __binit__                            
ffffffff  binit                                
UNDEFED   __mpu_init                           
UNDEFED   _system_post_cinit                   

[160 symbols]
