******************************************************************************
            TI ARM Clang Linker PC v4.0.3                      
******************************************************************************
>> Linked Tue Aug  5 22:09:11 2025

OUTPUT FILE NAME:   <222-3.Motor.OLED.encoder.huidu - 2.out>
ENTRY POINT SYMBOL: "_c_int00_noargs"  address: 00002e59


MEMORY CONFIGURATION

         name            origin    length      used     unused   attr    fill
----------------------  --------  ---------  --------  --------  ----  --------
  FLASH                 00000000   00020000  00004198  0001be68  R  X
  SRAM                  20200000   00008000  0000089a  00007766  RW X
  BCR_CONFIG            41c00000   00000080  00000000  00000080  R   
  BSL_CONFIG            41c00100   00000080  00000000  00000080  R   


SEGMENT ALLOCATION MAP

run origin  load origin   length   init length attrs members
----------  ----------- ---------- ----------- ----- -------
00000000    00000000    00004198   00004198    r-x
  00000000    00000000    000000c0   000000c0    r-- .intvecs
  000000c0    000000c0    00003480   00003480    r-x .text
  00003540    00003540    00000bf0   00000bf0    r-- .rodata
  00004130    00004130    00000068   00000068    r-- .cinit
20200000    20200000    0000069c   00000000    rw-
  20200000    20200000    0000054a   00000000    rw- .bss
  2020054c    2020054c    00000150   00000000    rw- .data
20207e00    20207e00    00000200   00000000    rw-
  20207e00    20207e00    00000200   00000000    rw- .stack


SECTION ALLOCATION MAP

 output                                  attributes/
section   page    origin      length       input sections
--------  ----  ----------  ----------   ----------------
.intvecs   0    00000000    000000c0     
                  00000000    000000c0     startup_mspm0g350x_ticlang.o (.intvecs)

.text      0    000000c0    00003480     
                  000000c0    00000868     libc.a : _printfi.c.obj (.text:__TI_printfi_nofloat)
                  00000928    000002f4     empty.o (.text.main)
                  00000c1c    0000019c     empty.o (.text.TIMG0_IRQHandler)
                  00000db8    00000192     libclang_rt.builtins.a : adddf3.S.obj (.text.adddf3_subdf3)
                  00000f4a    00000002                            : aeabi_div0.c.obj (.text.__aeabi_idiv0)
                  00000f4c    00000184     ti_msp_dl_config.o (.text.SYSCFG_DL_GPIO_init)
                  000010d0    00000170     PID.o (.text.PID_Calculate)
                  00001240    00000154     Gray_LOG.o (.text.Grayscale_get_err)
                  00001394    00000120     encoder.o (.text.GROUP1_IRQHandler)
                  000014b4    00000114     oled.o (.text.OLED_ShowChar)
                  000015c8    0000010c     motor.o (.text.Set_PWM)
                  000016d4    000000e8     driverlib.a : dl_timer.o (.text.DL_Timer_initTimerMode)
                  000017bc    000000e4     oled.o (.text.OLED_Init)
                  000018a0    000000e4     libclang_rt.builtins.a : muldf3.S.obj (.text.__muldf3)
                  00001984    000000e0     key.o (.text.Key_GetNum)
                  00001a64    000000dc     driverlib.a : dl_sysctl_mspm0g1x0x_g3x0x.o (.text.DL_SYSCTL_configSYSPLL)
                  00001b40    000000d8     libclang_rt.builtins.a : addsf3.S.obj (.text)
                  00001c18    000000c4     driverlib.a : dl_timer.o (.text.DL_Timer_initPWMMode)
                  00001cdc    000000a8     PIDMode.o (.text.Cascade_PIDPosition)
                  00001d84    000000a8     Gray_LOG.o (.text.Get_Gray)
                  00001e2c    000000a2     libclang_rt.builtins.a : udivmoddi4.S.obj (.text)
                  00001ece    00000002                            : aeabi_div0.c.obj (.text.__aeabi_ldiv0)
                  00001ed0    00000090     oled.o (.text.OLED_DrawPoint)
                  00001f60    00000090     board.o (.text.delay_us)
                  00001ff0    0000008c     libclang_rt.builtins.a : mulsf3.S.obj (.text.__mulsf3)
                  0000207c    00000084     ti_msp_dl_config.o (.text.__NVIC_SetPriority)
                  00002100    00000080     driverlib.a : dl_timer.o (.text.DL_TimerA_initPWMMode)
                  00002180    00000080     ti_msp_dl_config.o (.text.SYSCFG_DL_PWM_0_init)
                  00002200    0000007c     oled.o (.text.OLED_Refresh_Gram)
                  0000227c    0000007c     libc.a : copy_decompress_lzss.c.obj (.text:decompress:lzss)
                  000022f8    0000007a     oled.o (.text.OLED_ShowString)
                  00002372    00000002     --HOLE-- [fill = 0]
                  00002374    00000074     libclang_rt.builtins.a : comparedf2.c.obj (.text.__gedf2)
                  000023e8    00000008     libc.a : aeabi_portable.c.obj (.text.__aeabi_errno_addr)
                  000023f0    00000074     libclang_rt.builtins.a : truncdfsf2.S.obj (.text.__truncdfsf2)
                  00002464    0000006e     oled.o (.text.OLED_WR_Byte)
                  000024d2    00000002     --HOLE-- [fill = 0]
                  000024d4    00000068     ti_msp_dl_config.o (.text.SYSCFG_DL_initPower)
                  0000253c    00000068     libclang_rt.builtins.a : comparedf2.c.obj (.text.__ledf2)
                  000025a4    00000062                            : aeabi_dcmp.S.obj (.text.__aeabi_dcmp)
                  00002606    00000002     --HOLE-- [fill = 0]
                  00002608    00000062                            : aeabi_fcmp.S.obj (.text.__aeabi_fcmp)
                  0000266a    00000002     --HOLE-- [fill = 0]
                  0000266c    00000060     oled.o (.text.OLED_Clear)
                  000026cc    0000005c     ti_msp_dl_config.o (.text.SYSCFG_DL_UART_0_init)
                  00002728    00000058     PIDMode.o (.text.Motor_PIDLocation)
                  00002780    00000058     PIDMode.o (.text.Motor_PIDSpeed)
                  000027d8    00000058     PIDMode.o (.text.PID_Stop)
                  00002830    0000004c     ti_msp_dl_config.o (.text.DL_UART_setBaudRateDivisor)
                  0000287c    0000004c     ti_msp_dl_config.o (.text.SYSCFG_DL_SYSCTL_init)
                  000028c8    0000004a     PIDMode.o (.text.Limit_Speed)
                  00002912    00000002     --HOLE-- [fill = 0]
                  00002914    0000004a     libclang_rt.builtins.a : fixdfsi.S.obj (.text.__fixdfsi)
                  0000295e    00000002     --HOLE-- [fill = 0]
                  00002960    00000048     driverlib.a : dl_uart.o (.text.DL_UART_init)
                  000029a8    00000044                 : dl_sysctl_mspm0g1x0x_g3x0x.o (.text.DL_SYSCTL_switchMCLKfromSYSOSCtoHSCLK)
                  000029ec    00000040     libclang_rt.builtins.a : aeabi_uidivmod.S.obj (.text.__aeabi_uidivmod)
                  00002a2c    00000040                            : extendsfdf2.S.obj (.text.__extendsfdf2)
                  00002a6c    00000040     libc.a : atoi.c.obj (.text.atoi)
                  00002aac    0000003c     libclang_rt.builtins.a : floatsisf.S.obj (.text.__floatsisf)
                  00002ae8    0000003c                            : comparesf2.S.obj (.text.__gtsf2)
                  00002b24    0000003c     libc.a : autoinit.c.obj (.text:__TI_auto_init_nobinit_nopinit)
                  00002b60    0000003a     libclang_rt.builtins.a : comparesf2.S.obj (.text.__eqsf2)
                  00002b9a    00000002     --HOLE-- [fill = 0]
                  00002b9c    0000003a                            : muldsi3.S.obj (.text.__muldsi3)
                  00002bd6    00000002     --HOLE-- [fill = 0]
                  00002bd8    00000038                            : fixsfsi.S.obj (.text.__fixsfsi)
                  00002c10    00000038     libc.a : sprintf.c.obj (.text.sprintf)
                  00002c48    00000034     ti_msp_dl_config.o (.text.DL_GPIO_initDigitalInputFeatures)
                  00002c7c    00000034     ti_msp_dl_config.o (.text.SYSCFG_DL_TIMER_0_init)
                  00002cb0    00000030     board.o (.text.delay_ms)
                  00002ce0    0000002c     ti_msp_dl_config.o (.text.SYSCFG_DL_init)
                  00002d0c    0000002c     empty.o (.text.__NVIC_ClearPendingIRQ)
                  00002d38    0000002c     empty.o (.text.__NVIC_EnableIRQ)
                  00002d64    0000002c     libclang_rt.builtins.a : floatsidf.S.obj (.text.__floatsidf)
                  00002d90    00000028     ti_msp_dl_config.o (.text.DL_Common_updateReg)
                  00002db8    00000028     ti_msp_dl_config.o (.text.DL_SYSTICK_init)
                  00002de0    00000028     ti_msp_dl_config.o (.text.DL_UART_setRXFIFOThreshold)
                  00002e08    00000028     ti_msp_dl_config.o (.text.DL_UART_setTXFIFOThreshold)
                  00002e30    00000028     PIDMode.o (.text.PID_SpeedMode)
                  00002e58    00000028     libc.a : boot_cortex_m.c.obj (.text:_c_int00_noargs)
                  00002e80    00000024     encoder.o (.text.Encoder_A_Val)
                  00002ea4    00000024     encoder.o (.text.Encoder_B_Val)
                  00002ec8    00000024     libclang_rt.builtins.a : muldi3.S.obj (.text.__muldi3)
                  00002eec    00000022     libc.a : memccpy.c.obj (.text.memccpy)
                  00002f0e    00000002     --HOLE-- [fill = 0]
                  00002f10    00000020     ti_msp_dl_config.o (.text.DL_GPIO_initPeripheralInputFunction)
                  00002f30    00000020     ti_msp_dl_config.o (.text.DL_SYSCTL_setFlashWaitState)
                  00002f50    0000001e     ti_msp_dl_config.o (.text.DL_UART_setOversampling)
                  00002f6e    00000002     --HOLE-- [fill = 0]
                  00002f70    0000001e     libclang_rt.builtins.a : ashldi3.S.obj (.text.__ashldi3)
                  00002f8e    00000002     --HOLE-- [fill = 0]
                  00002f90    0000001c     encoder.o (.text.DL_GPIO_clearInterruptStatus)
                  00002fac    0000001c     ti_msp_dl_config.o (.text.DL_GPIO_clearInterruptStatus)
                  00002fc8    0000001c     ti_msp_dl_config.o (.text.DL_GPIO_enableInterrupt)
                  00002fe4    0000001c     ti_msp_dl_config.o (.text.DL_GPIO_initDigitalInput)
                  00003000    0000001c     ti_msp_dl_config.o (.text.DL_GPIO_initPeripheralOutputFunction)
                  0000301c    0000001c     ti_msp_dl_config.o (.text.DL_SYSCTL_setSYSOSCFreq)
                  00003038    0000001c     ti_msp_dl_config.o (.text.DL_SYSCTL_setULPCLKDivider)
                  00003054    0000001c     ti_msp_dl_config.o (.text.DL_Timer_enableInterrupt)
                  00003070    0000001c     driverlib.a : dl_timer.o (.text.DL_Timer_setCaptCompUpdateMethod)
                  0000308c    0000001c                 : dl_timer.o (.text.DL_Timer_setClockConfig)
                  000030a8    00000018     ti_msp_dl_config.o (.text.DL_GPIO_enableOutput)
                  000030c0    00000018     ti_msp_dl_config.o (.text.DL_GPIO_enablePower)
                  000030d8    00000018     encoder.o (.text.DL_GPIO_getEnabledInterruptStatus)
                  000030f0    00000018     ti_msp_dl_config.o (.text.DL_GPIO_initDigitalOutput)
                  00003108    00000018     ti_msp_dl_config.o (.text.DL_GPIO_reset)
                  00003120    00000018     motor.o (.text.DL_GPIO_setPins)
                  00003138    00000018     oled.o (.text.DL_GPIO_setPins)
                  00003150    00000018     ti_msp_dl_config.o (.text.DL_GPIO_setUpperPinsPolarity)
                  00003168    00000018     ti_msp_dl_config.o (.text.DL_SYSCTL_setBORThreshold)
                  00003180    00000018     ti_msp_dl_config.o (.text.DL_Timer_enablePower)
                  00003198    00000018     ti_msp_dl_config.o (.text.DL_Timer_reset)
                  000031b0    00000018     driverlib.a : dl_timer.o (.text.DL_Timer_setCaptureCompareOutCtl)
                  000031c8    00000018     ti_msp_dl_config.o (.text.DL_UART_enableFIFOs)
                  000031e0    00000018     ti_msp_dl_config.o (.text.DL_UART_enablePower)
                  000031f8    00000018     ti_msp_dl_config.o (.text.DL_UART_reset)
                  00003210    00000018     encoder.o (.text.Encoder_A_Location)
                  00003228    00000018     encoder.o (.text.Encoder_B_Location)
                  00003240    00000018     libc.a : sprintf.c.obj (.text._outs)
                  00003258    00000016     Gray_LOG.o (.text.DL_GPIO_readPins)
                  0000326e    00000016     empty.o (.text.DL_GPIO_readPins)
                  00003284    00000016     encoder.o (.text.DL_GPIO_readPins)
                  0000329a    00000016     key.o (.text.DL_GPIO_readPins)
                  000032b0    00000016     ti_msp_dl_config.o (.text.DL_UART_enable)
                  000032c6    00000016     ti_msp_dl_config.o (.text.DL_UART_enableLoopbackMode)
                  000032dc    00000014     motor.o (.text.DL_GPIO_clearPins)
                  000032f0    00000014     oled.o (.text.DL_GPIO_clearPins)
                  00003304    00000014     ti_msp_dl_config.o (.text.DL_GPIO_clearPins)
                  00003318    00000014     ti_msp_dl_config.o (.text.DL_SYSCTL_disableSYSPLL)
                  0000332c    00000014     ti_msp_dl_config.o (.text.DL_SYSCTL_enableMFCLK)
                  00003340    00000014     ti_msp_dl_config.o (.text.DL_Timer_enableClock)
                  00003354    00000014     ti_msp_dl_config.o (.text.DL_Timer_setCCPDirection)
                  00003368    00000014     oled.o (.text.OLED_RST_Clr)
                  0000337c    00000014     oled.o (.text.OLED_RST_Set)
                  00003390    00000014     oled.o (.text.OLED_RS_Clr)
                  000033a4    00000014     oled.o (.text.OLED_RS_Set)
                  000033b8    00000014     oled.o (.text.OLED_SCLK_Clr)
                  000033cc    00000014     oled.o (.text.OLED_SCLK_Set)
                  000033e0    00000014     oled.o (.text.OLED_SDIN_Clr)
                  000033f4    00000014     oled.o (.text.OLED_SDIN_Set)
                  00003408    00000014     libclang_rt.builtins.a : aeabi_uldivmod.S.obj (.text.__aeabi_uldivmod)
                  0000341c    00000012     empty.o (.text.DL_Timer_getPendingInterrupt)
                  0000342e    00000012     driverlib.a : dl_uart.o (.text.DL_UART_setClockConfig)
                  00003440    00000012     libc.a : memcpy16.S.obj (.text:TI_memcpy_small)
                  00003452    00000012            : copy_decompress_none.c.obj (.text:decompress:none)
                  00003464    00000010     ti_msp_dl_config.o (.text.DL_SYSCTL_disableHFXT)
                  00003474    00000010     ti_msp_dl_config.o (.text.DL_SYSTICK_enable)
                  00003484    00000010     driverlib.a : dl_timer.o (.text.DL_Timer_setCaptureCompareValue)
                  00003494    00000010     ti_msp_dl_config.o (.text.SYSCFG_DL_SYSTICK_init)
                  000034a4    00000010     libc.a : wcslen.c.obj (.text.wcslen)
                  000034b4    00000010            : copy_zero_init.c.obj (.text:decompress:ZI)
                  000034c4    0000000e     libclang_rt.builtins.a : aeabi_memset.S.obj (.text.__aeabi_memset)
                  000034d2    0000000e     libc.a : _printfi.c.obj (.text.strlen)
                  000034e0    0000000e            : memset16.S.obj (.text:TI_memset_small)
                  000034ee    00000002     --HOLE-- [fill = 0]
                  000034f0    0000000c     board.o (.text.Systick_getTick)
                  000034fc    0000000c     libclang_rt.builtins.a : aeabi_memset.S.obj (.text.__aeabi_memclr)
                  00003508    0000000a     driverlib.a : dl_common.o (.text.DL_Common_delayCycles)
                  00003512    0000000a     libc.a : sprintf.c.obj (.text._outc)
                  0000351c    00000008     libclang_rt.builtins.a : aeabi_memcpy.S.obj (.text.__aeabi_memcpy)
                  00003524    00000006     libc.a : exit.c.obj (.text:abort)
                  0000352a    00000004     startup_mspm0g350x_ticlang.o (.text.Default_Handler)
                  0000352e    00000004     libsysbm.a : hostexit.c.obj (.text.HOSTexit)
                  00003532    00000004     startup_mspm0g350x_ticlang.o (.text.Reset_Handler)
                  00003536    00000004     libc.a : pre_init.c.obj (.text._system_pre_init)
                  0000353a    00000006     --HOLE-- [fill = 0]

.cinit     0    00004130    00000068     
                  00004130    00000044     (.cinit..data.load) [load image, compression = lzss]
                  00004174    0000000c     (__TI_handler_table)
                  00004180    00000008     (.cinit..bss.load) [load image, compression = zero_init]
                  00004188    00000010     (__TI_cinit_table)

.rodata    0    00003540    00000bf0     
                  00003540    000005f0     oled.o (.rodata.oled_asc2_1608)
                  00003b30    00000474     oled.o (.rodata.oled_asc2_1206)
                  00003fa4    0000000a     ti_msp_dl_config.o (.rodata.gUART_0Config)
                  00003fae    00000002     ti_msp_dl_config.o (.rodata.gUART_0ClockConfig)
                  00003fb0    00000101     libc.a : aeabi_ctype.S.obj (.rodata:__aeabi_ctype_table_)
                  000040b1    00000003     ti_msp_dl_config.o (.rodata.gPWM_0ClockConfig)
                  000040b4    00000028     ti_msp_dl_config.o (.rodata.gSYSPLLConfig)
                  000040dc    00000014     ti_msp_dl_config.o (.rodata.gTIMER_0TimerConfig)
                  000040f0    00000011     libc.a : _printfi.c.obj (.rodata.str1.10348868589481759720.1)
                  00004101    00000011            : _printfi.c.obj (.rodata.str1.15363888844622738466.1)
                  00004112    00000002     --HOLE-- [fill = 0]
                  00004114    00000008     ti_msp_dl_config.o (.rodata.gPWM_0Config)
                  0000411c    00000006     empty.o (.rodata.str1.254342170260855183.1)
                  00004122    00000005     empty.o (.rodata.str1.9517790425240694019.1)
                  00004127    00000003     ti_msp_dl_config.o (.rodata.gTIMER_0ClockConfig)
                  0000412a    00000006     --HOLE-- [fill = 0]

.init_array 
*          0    00000000    00000000     UNINITIALIZED

.binit     0    00000000    00000000     

.bss       0    20200000    0000054a     UNINITIALIZED
                  20200000    00000400     (.common:OLED_GRAM)
                  20200400    000000bc     (.common:gPWM_0Backup)
                  202004bc    00000020     (.common:oled_buffer3)
                  202004dc    00000020     (.common:oled_buffer4)
                  202004fc    00000020     (.common:oled_buffer5)
                  2020051c    00000020     (.common:oled_buffer6)
                  2020053c    00000004     (.common:gpio_interrup1)
                  20200540    00000004     (.common:gpio_interrup2)
                  20200544    00000002     (.common:Val_A)
                  20200546    00000002     (.common:Val_B)
                  20200548    00000001     (.common:FCD_T_0)
                  20200549    00000001     (.common:KeyNum)

.data      0    2020054c    00000150     UNINITIALIZED
                  2020054c    00000030     PIDMode.o (.data.CascadePID_Location_A)
                  2020057c    00000030     PIDMode.o (.data.CascadePID_Location_B)
                  202005ac    00000030     PIDMode.o (.data.LocationPID_A)
                  202005dc    00000030     PIDMode.o (.data.LocationPID_B)
                  2020060c    00000030     PIDMode.o (.data.SpeedPID_A)
                  2020063c    00000030     PIDMode.o (.data.SpeedPID_B)
                  2020066c    00000007     Gray_LOG.o (.data.Gray)
                  20200673    00000001     empty.o (.data.Circle)
                  20200674    00000004     libc.a : aeabi_portable.c.obj (.data.__aeabi_errno)
                  20200678    00000003     empty.o (.data.Mode)
                  2020067b    00000001     empty.o (.data.Circle_cnt)
                  2020067c    00000002     encoder.o (.data.Encoder_Count_A0)
                  2020067e    00000002     encoder.o (.data.Encoder_Count_A)
                  20200680    00000002     encoder.o (.data.Encoder_Count_B0)
                  20200682    00000002     encoder.o (.data.Encoder_Count_B)
                  20200684    00000002     empty.o (.data.Speed_L0)
                  20200686    00000002     empty.o (.data.Speed_L)
                  20200688    00000002     empty.o (.data.Speed_R0)
                  2020068a    00000002     empty.o (.data.Speed_R)
                  2020068c    00000002     empty.o (.data.Track_Status)
                  2020068e    00000002     empty.o (.data.Turn_delay)
                  20200690    00000002     empty.o (.data.Turn_delay_cnt)
                  20200692    00000002     empty.o (.data.Turn_wait_delay)
                  20200694    00000002     empty.o (.data.Turn_wait_delay_cnt)
                  20200696    00000002     empty.o (.data.err)
                  20200698    00000001     Gray_LOG.o (.data.FCD)
                  20200699    00000001     Gray_LOG.o (.data.FCD_0)
                  2020069a    00000001     Gray_LOG.o (.data.FCD_T)
                  2020069b    00000001     empty.o (.data.Target_Cicle)

.stack     0    20207e00    00000200     UNINITIALIZED
                  20207e00    00000004     libc.a : boot_cortex_m.c.obj (.stack)
                  20207e04    000001fc     --HOLE--

__llvm_prf_cnts 
*          0    20200000    00000000     UNINITIALIZED

__llvm_prf_bits 
*          0    20200000    00000000     UNINITIALIZED

MODULE SUMMARY

       Module                         code    ro data   rw data
       ------                         ----    -------   -------
    .\
       ti_msp_dl_config.o             2050    86        188    
       empty.o                        1296    11        155    
       startup_mspm0g350x_ticlang.o   8       192       0      
    +--+------------------------------+-------+---------+---------+
       Total:                         3354    289       343    
                                                               
    .\Hardware\
       oled.o                         1304    2660      1024   
       PIDMode.o                      546     0         288    
       Gray_LOG.o                     530     0         11     
       encoder.o                      482     0         20     
       PID.o                          368     0         0      
       motor.o                        312     0         0      
       key.o                          246     0         0      
       board.o                        204     0         0      
    +--+------------------------------+-------+---------+---------+
       Total:                         3992    2660      1343   
                                                               
    C:/ti/mspm0_sdk_2_01_00_03/source/ti/driverlib/lib/ticlang/m0p/mspm0g1x0x_g3x0x/driverlib.a
       dl_timer.o                     652     0         0      
       dl_sysctl_mspm0g1x0x_g3x0x.o   288     0         0      
       dl_uart.o                      90      0         0      
       dl_common.o                    10      0         0      
    +--+------------------------------+-------+---------+---------+
       Total:                         1040    0         0      
                                                               
    C:\ti\ccs2020\ccs\tools\compiler\ti-cgt-armllvm_4.0.3.LTS\lib\armv6m-ti-none-eabi/c/libc.a
       _printfi.c.obj                 2166    34        0      
       aeabi_ctype.S.obj              0       257       0      
       copy_decompress_lzss.c.obj     124     0         0      
       sprintf.c.obj                  90      0         0      
       atoi.c.obj                     64      0         0      
       autoinit.c.obj                 60      0         0      
       boot_cortex_m.c.obj            40      0         0      
       memccpy.c.obj                  34      0         0      
       copy_decompress_none.c.obj     18      0         0      
       memcpy16.S.obj                 18      0         0      
       copy_zero_init.c.obj           16      0         0      
       wcslen.c.obj                   16      0         0      
       memset16.S.obj                 14      0         0      
       aeabi_portable.c.obj           8       0         4      
       exit.c.obj                     6       0         0      
       pre_init.c.obj                 4       0         0      
    +--+------------------------------+-------+---------+---------+
       Total:                         2678    291       4      
                                                               
    C:\ti\ccs2020\ccs\tools\compiler\ti-cgt-armllvm_4.0.3.LTS\lib\armv6m-ti-none-eabi/c/libsysbm.a
       hostexit.c.obj                 4       0         0      
    +--+------------------------------+-------+---------+---------+
       Total:                         4       0         0      
                                                               
    C:\ti\ccs2020\ccs\tools\compiler\ti-cgt-armllvm_4.0.3.LTS\lib\armv6m-ti-none-eabi/libclang_rt.builtins.a
       adddf3.S.obj                   402     0         0      
       muldf3.S.obj                   228     0         0      
       comparedf2.c.obj               220     0         0      
       addsf3.S.obj                   216     0         0      
       udivmoddi4.S.obj               162     0         0      
       mulsf3.S.obj                   140     0         0      
       comparesf2.S.obj               118     0         0      
       truncdfsf2.S.obj               116     0         0      
       aeabi_dcmp.S.obj               98      0         0      
       aeabi_fcmp.S.obj               98      0         0      
       fixdfsi.S.obj                  74      0         0      
       aeabi_uidivmod.S.obj           64      0         0      
       extendsfdf2.S.obj              64      0         0      
       floatsisf.S.obj                60      0         0      
       muldsi3.S.obj                  58      0         0      
       fixsfsi.S.obj                  56      0         0      
       floatsidf.S.obj                44      0         0      
       muldi3.S.obj                   36      0         0      
       ashldi3.S.obj                  30      0         0      
       aeabi_memset.S.obj             26      0         0      
       aeabi_uldivmod.S.obj           20      0         0      
       aeabi_memcpy.S.obj             8       0         0      
       aeabi_div0.c.obj               4       0         0      
    +--+------------------------------+-------+---------+---------+
       Total:                         2342    0         0      
                                                               
       Stack:                         0       0         512    
       Linker Generated:              0       104       0      
    +--+------------------------------+-------+---------+---------+
       Grand Total:                   13410   3344      2202   


LINKER GENERATED COPY TABLES

__TI_cinit_table @ 00004188 records: 2, size/record: 8, table size: 16
	.data: load addr=00004130, load size=00000044 bytes, run addr=2020054c, run size=00000150 bytes, compression=lzss
	.bss: load addr=00004180, load size=00000008 bytes, run addr=20200000, run size=0000054a bytes, compression=zero_init


LINKER GENERATED HANDLER TABLE

__TI_handler_table @ 00004174 records: 3, size/record: 4, table size: 12
	index: 0, handler: __TI_decompress_lzss
	index: 1, handler: __TI_decompress_none
	index: 2, handler: __TI_zero_init


GLOBAL SYMBOLS: SORTED ALPHABETICALLY BY Name 

address   name                                 
-------   ----                                 
0000352b  ADC0_IRQHandler                      
0000352b  ADC1_IRQHandler                      
0000352b  AES_IRQHandler                       
0000352e  C$$EXIT                              
0000352b  CANFD0_IRQHandler                    
2020054c  CascadePID_Location_A                
2020057c  CascadePID_Location_B                
00001cdd  Cascade_PIDPosition                  
20200673  Circle                               
2020067b  Circle_cnt                           
0000352b  DAC0_IRQHandler                      
00003509  DL_Common_delayCycles                
00001a65  DL_SYSCTL_configSYSPLL               
000029a9  DL_SYSCTL_switchMCLKfromSYSOSCtoHSCLK
00002101  DL_TimerA_initPWMMode                
00001c19  DL_Timer_initPWMMode                 
000016d5  DL_Timer_initTimerMode               
00003071  DL_Timer_setCaptCompUpdateMethod     
000031b1  DL_Timer_setCaptureCompareOutCtl     
00003485  DL_Timer_setCaptureCompareValue      
0000308d  DL_Timer_setClockConfig              
00002961  DL_UART_init                         
0000342f  DL_UART_setClockConfig               
0000352b  DMA_IRQHandler                       
0000352b  Default_Handler                      
00003211  Encoder_A_Location                   
00002e81  Encoder_A_Val                        
00003229  Encoder_B_Location                   
00002ea5  Encoder_B_Val                        
2020067e  Encoder_Count_A                      
2020067c  Encoder_Count_A0                     
20200682  Encoder_Count_B                      
20200680  Encoder_Count_B0                     
20200698  FCD                                  
20200699  FCD_0                                
2020069a  FCD_T                                
20200548  FCD_T_0                              
0000352b  GROUP0_IRQHandler                    
00001395  GROUP1_IRQHandler                    
00001d85  Get_Gray                             
2020066c  Gray                                 
00001241  Grayscale_get_err                    
0000352f  HOSTexit                             
0000352b  HardFault_Handler                    
0000352b  I2C0_IRQHandler                      
0000352b  I2C1_IRQHandler                      
20200549  KeyNum                               
00001985  Key_GetNum                           
000028c9  Limit_Speed                          
202005ac  LocationPID_A                        
202005dc  LocationPID_B                        
20200678  Mode                                 
00002729  Motor_PIDLocation                    
00002781  Motor_PIDSpeed                       
0000352b  NMI_Handler                          
0000266d  OLED_Clear                           
00001ed1  OLED_DrawPoint                       
20200000  OLED_GRAM                            
000017bd  OLED_Init                            
00003369  OLED_RST_Clr                         
0000337d  OLED_RST_Set                         
00003391  OLED_RS_Clr                          
000033a5  OLED_RS_Set                          
00002201  OLED_Refresh_Gram                    
000033b9  OLED_SCLK_Clr                        
000033cd  OLED_SCLK_Set                        
000033e1  OLED_SDIN_Clr                        
000033f5  OLED_SDIN_Set                        
000014b5  OLED_ShowChar                        
000022f9  OLED_ShowString                      
00002465  OLED_WR_Byte                         
000010d1  PID_Calculate                        
00002e31  PID_SpeedMode                        
000027d9  PID_Stop                             
0000352b  PendSV_Handler                       
0000352b  RTC_IRQHandler                       
00003533  Reset_Handler                        
0000352b  SPI0_IRQHandler                      
0000352b  SPI1_IRQHandler                      
0000352b  SVC_Handler                          
00000f4d  SYSCFG_DL_GPIO_init                  
00002181  SYSCFG_DL_PWM_0_init                 
0000287d  SYSCFG_DL_SYSCTL_init                
00003495  SYSCFG_DL_SYSTICK_init               
00002c7d  SYSCFG_DL_TIMER_0_init               
000026cd  SYSCFG_DL_UART_0_init                
00002ce1  SYSCFG_DL_init                       
000024d5  SYSCFG_DL_initPower                  
000015c9  Set_PWM                              
2020060c  SpeedPID_A                           
2020063c  SpeedPID_B                           
20200686  Speed_L                              
20200684  Speed_L0                             
2020068a  Speed_R                              
20200688  Speed_R0                             
0000352b  SysTick_Handler                      
000034f1  Systick_getTick                      
0000352b  TIMA0_IRQHandler                     
0000352b  TIMA1_IRQHandler                     
00000c1d  TIMG0_IRQHandler                     
0000352b  TIMG12_IRQHandler                    
0000352b  TIMG6_IRQHandler                     
0000352b  TIMG7_IRQHandler                     
0000352b  TIMG8_IRQHandler                     
00003441  TI_memcpy_small                      
000034e1  TI_memset_small                      
2020069b  Target_Cicle                         
2020068c  Track_Status                         
2020068e  Turn_delay                           
20200690  Turn_delay_cnt                       
20200692  Turn_wait_delay                      
20200694  Turn_wait_delay_cnt                  
0000352b  UART0_IRQHandler                     
0000352b  UART1_IRQHandler                     
0000352b  UART2_IRQHandler                     
0000352b  UART3_IRQHandler                     
20200544  Val_A                                
20200546  Val_B                                
20208000  __STACK_END                          
00000200  __STACK_SIZE                         
00000000  __TI_ATRegion0_region_sz             
00000000  __TI_ATRegion0_src_addr              
00000000  __TI_ATRegion0_trg_addr              
00000000  __TI_ATRegion1_region_sz             
00000000  __TI_ATRegion1_src_addr              
00000000  __TI_ATRegion1_trg_addr              
00000000  __TI_ATRegion2_region_sz             
00000000  __TI_ATRegion2_src_addr              
00000000  __TI_ATRegion2_trg_addr              
00004188  __TI_CINIT_Base                      
00004198  __TI_CINIT_Limit                     
00004198  __TI_CINIT_Warm                      
00004174  __TI_Handler_Table_Base              
00004180  __TI_Handler_Table_Limit             
00002b25  __TI_auto_init_nobinit_nopinit       
0000227d  __TI_decompress_lzss                 
00003453  __TI_decompress_none                 
ffffffff  __TI_pprof_out_hndl                  
000000c1  __TI_printfi_nofloat                 
ffffffff  __TI_prof_data_size                  
ffffffff  __TI_prof_data_start                 
00000000  __TI_static_base__                   
000034b5  __TI_zero_init                       
00000dc3  __adddf3                             
00001b4b  __addsf3                             
00003fb0  __aeabi_ctype_table_                 
00003fb0  __aeabi_ctype_table_C                
000023f1  __aeabi_d2f                          
00002915  __aeabi_d2iz                         
00000dc3  __aeabi_dadd                         
000025a5  __aeabi_dcmpeq                       
000025e1  __aeabi_dcmpge                       
000025f5  __aeabi_dcmpgt                       
000025cd  __aeabi_dcmple                       
000025b9  __aeabi_dcmplt                       
000018a1  __aeabi_dmul                         
00000db9  __aeabi_dsub                         
20200674  __aeabi_errno                        
000023e9  __aeabi_errno_addr                   
00002a2d  __aeabi_f2d                          
00002bd9  __aeabi_f2iz                         
00001b4b  __aeabi_fadd                         
00002609  __aeabi_fcmpeq                       
00002645  __aeabi_fcmpge                       
00002659  __aeabi_fcmpgt                       
00002631  __aeabi_fcmple                       
0000261d  __aeabi_fcmplt                       
00001ff1  __aeabi_fmul                         
00001b41  __aeabi_fsub                         
00002d65  __aeabi_i2d                          
00002aad  __aeabi_i2f                          
00000f4b  __aeabi_idiv0                        
00001ecf  __aeabi_ldiv0                        
00002f71  __aeabi_llsl                         
00002ec9  __aeabi_lmul                         
000034fd  __aeabi_memclr                       
000034fd  __aeabi_memclr4                      
000034fd  __aeabi_memclr8                      
0000351d  __aeabi_memcpy                       
0000351d  __aeabi_memcpy4                      
0000351d  __aeabi_memcpy8                      
000034c5  __aeabi_memset                       
000034c5  __aeabi_memset4                      
000034c5  __aeabi_memset8                      
000029ed  __aeabi_uidiv                        
000029ed  __aeabi_uidivmod                     
00003409  __aeabi_uldivmod                     
00002f71  __ashldi3                            
ffffffff  __binit__                            
0000253d  __cmpdf2                             
00002b61  __cmpsf2                             
0000253d  __eqdf2                              
00002b61  __eqsf2                              
00002a2d  __extendsfdf2                        
00002915  __fixdfsi                            
00002bd9  __fixsfsi                            
00002d65  __floatsidf                          
00002aad  __floatsisf                          
00002375  __gedf2                              
00002ae9  __gesf2                              
00002375  __gtdf2                              
00002ae9  __gtsf2                              
0000253d  __ledf2                              
00002b61  __lesf2                              
0000253d  __ltdf2                              
00002b61  __ltsf2                              
UNDEFED   __mpu_init                           
000018a1  __muldf3                             
00002ec9  __muldi3                             
00002b9d  __muldsi3                            
00001ff1  __mulsf3                             
0000253d  __nedf2                              
00002b61  __nesf2                              
20207e00  __stack                              
20200000  __start___llvm_prf_bits              
20200000  __start___llvm_prf_cnts              
20200000  __stop___llvm_prf_bits               
20200000  __stop___llvm_prf_cnts               
00000db9  __subdf3                             
00001b41  __subsf3                             
000023f1  __truncdfsf2                         
00001e2d  __udivmoddi4                         
00002e59  _c_int00_noargs                      
UNDEFED   _system_post_cinit                   
00003537  _system_pre_init                     
00003525  abort                                
00002a6d  atoi                                 
ffffffff  binit                                
00002cb1  delay_ms                             
00001f61  delay_us                             
20200696  err                                  
20200400  gPWM_0Backup                         
2020053c  gpio_interrup1                       
20200540  gpio_interrup2                       
00000000  interruptVectors                     
00000929  main                                 
00002eed  memccpy                              
00003b30  oled_asc2_1206                       
00003540  oled_asc2_1608                       
202004bc  oled_buffer3                         
202004dc  oled_buffer4                         
202004fc  oled_buffer5                         
2020051c  oled_buffer6                         
00002c11  sprintf                              
000034a5  wcslen                               


GLOBAL SYMBOLS: SORTED BY Symbol Address 

address   name                                 
-------   ----                                 
00000000  __TI_ATRegion0_region_sz             
00000000  __TI_ATRegion0_src_addr              
00000000  __TI_ATRegion0_trg_addr              
00000000  __TI_ATRegion1_region_sz             
00000000  __TI_ATRegion1_src_addr              
00000000  __TI_ATRegion1_trg_addr              
00000000  __TI_ATRegion2_region_sz             
00000000  __TI_ATRegion2_src_addr              
00000000  __TI_ATRegion2_trg_addr              
00000000  __TI_static_base__                   
00000000  interruptVectors                     
000000c1  __TI_printfi_nofloat                 
00000200  __STACK_SIZE                         
00000929  main                                 
00000c1d  TIMG0_IRQHandler                     
00000db9  __aeabi_dsub                         
00000db9  __subdf3                             
00000dc3  __adddf3                             
00000dc3  __aeabi_dadd                         
00000f4b  __aeabi_idiv0                        
00000f4d  SYSCFG_DL_GPIO_init                  
000010d1  PID_Calculate                        
00001241  Grayscale_get_err                    
00001395  GROUP1_IRQHandler                    
000014b5  OLED_ShowChar                        
000015c9  Set_PWM                              
000016d5  DL_Timer_initTimerMode               
000017bd  OLED_Init                            
000018a1  __aeabi_dmul                         
000018a1  __muldf3                             
00001985  Key_GetNum                           
00001a65  DL_SYSCTL_configSYSPLL               
00001b41  __aeabi_fsub                         
00001b41  __subsf3                             
00001b4b  __addsf3                             
00001b4b  __aeabi_fadd                         
00001c19  DL_Timer_initPWMMode                 
00001cdd  Cascade_PIDPosition                  
00001d85  Get_Gray                             
00001e2d  __udivmoddi4                         
00001ecf  __aeabi_ldiv0                        
00001ed1  OLED_DrawPoint                       
00001f61  delay_us                             
00001ff1  __aeabi_fmul                         
00001ff1  __mulsf3                             
00002101  DL_TimerA_initPWMMode                
00002181  SYSCFG_DL_PWM_0_init                 
00002201  OLED_Refresh_Gram                    
0000227d  __TI_decompress_lzss                 
000022f9  OLED_ShowString                      
00002375  __gedf2                              
00002375  __gtdf2                              
000023e9  __aeabi_errno_addr                   
000023f1  __aeabi_d2f                          
000023f1  __truncdfsf2                         
00002465  OLED_WR_Byte                         
000024d5  SYSCFG_DL_initPower                  
0000253d  __cmpdf2                             
0000253d  __eqdf2                              
0000253d  __ledf2                              
0000253d  __ltdf2                              
0000253d  __nedf2                              
000025a5  __aeabi_dcmpeq                       
000025b9  __aeabi_dcmplt                       
000025cd  __aeabi_dcmple                       
000025e1  __aeabi_dcmpge                       
000025f5  __aeabi_dcmpgt                       
00002609  __aeabi_fcmpeq                       
0000261d  __aeabi_fcmplt                       
00002631  __aeabi_fcmple                       
00002645  __aeabi_fcmpge                       
00002659  __aeabi_fcmpgt                       
0000266d  OLED_Clear                           
000026cd  SYSCFG_DL_UART_0_init                
00002729  Motor_PIDLocation                    
00002781  Motor_PIDSpeed                       
000027d9  PID_Stop                             
0000287d  SYSCFG_DL_SYSCTL_init                
000028c9  Limit_Speed                          
00002915  __aeabi_d2iz                         
00002915  __fixdfsi                            
00002961  DL_UART_init                         
000029a9  DL_SYSCTL_switchMCLKfromSYSOSCtoHSCLK
000029ed  __aeabi_uidiv                        
000029ed  __aeabi_uidivmod                     
00002a2d  __aeabi_f2d                          
00002a2d  __extendsfdf2                        
00002a6d  atoi                                 
00002aad  __aeabi_i2f                          
00002aad  __floatsisf                          
00002ae9  __gesf2                              
00002ae9  __gtsf2                              
00002b25  __TI_auto_init_nobinit_nopinit       
00002b61  __cmpsf2                             
00002b61  __eqsf2                              
00002b61  __lesf2                              
00002b61  __ltsf2                              
00002b61  __nesf2                              
00002b9d  __muldsi3                            
00002bd9  __aeabi_f2iz                         
00002bd9  __fixsfsi                            
00002c11  sprintf                              
00002c7d  SYSCFG_DL_TIMER_0_init               
00002cb1  delay_ms                             
00002ce1  SYSCFG_DL_init                       
00002d65  __aeabi_i2d                          
00002d65  __floatsidf                          
00002e31  PID_SpeedMode                        
00002e59  _c_int00_noargs                      
00002e81  Encoder_A_Val                        
00002ea5  Encoder_B_Val                        
00002ec9  __aeabi_lmul                         
00002ec9  __muldi3                             
00002eed  memccpy                              
00002f71  __aeabi_llsl                         
00002f71  __ashldi3                            
00003071  DL_Timer_setCaptCompUpdateMethod     
0000308d  DL_Timer_setClockConfig              
000031b1  DL_Timer_setCaptureCompareOutCtl     
00003211  Encoder_A_Location                   
00003229  Encoder_B_Location                   
00003369  OLED_RST_Clr                         
0000337d  OLED_RST_Set                         
00003391  OLED_RS_Clr                          
000033a5  OLED_RS_Set                          
000033b9  OLED_SCLK_Clr                        
000033cd  OLED_SCLK_Set                        
000033e1  OLED_SDIN_Clr                        
000033f5  OLED_SDIN_Set                        
00003409  __aeabi_uldivmod                     
0000342f  DL_UART_setClockConfig               
00003441  TI_memcpy_small                      
00003453  __TI_decompress_none                 
00003485  DL_Timer_setCaptureCompareValue      
00003495  SYSCFG_DL_SYSTICK_init               
000034a5  wcslen                               
000034b5  __TI_zero_init                       
000034c5  __aeabi_memset                       
000034c5  __aeabi_memset4                      
000034c5  __aeabi_memset8                      
000034e1  TI_memset_small                      
000034f1  Systick_getTick                      
000034fd  __aeabi_memclr                       
000034fd  __aeabi_memclr4                      
000034fd  __aeabi_memclr8                      
00003509  DL_Common_delayCycles                
0000351d  __aeabi_memcpy                       
0000351d  __aeabi_memcpy4                      
0000351d  __aeabi_memcpy8                      
00003525  abort                                
0000352b  ADC0_IRQHandler                      
0000352b  ADC1_IRQHandler                      
0000352b  AES_IRQHandler                       
0000352b  CANFD0_IRQHandler                    
0000352b  DAC0_IRQHandler                      
0000352b  DMA_IRQHandler                       
0000352b  Default_Handler                      
0000352b  GROUP0_IRQHandler                    
0000352b  HardFault_Handler                    
0000352b  I2C0_IRQHandler                      
0000352b  I2C1_IRQHandler                      
0000352b  NMI_Handler                          
0000352b  PendSV_Handler                       
0000352b  RTC_IRQHandler                       
0000352b  SPI0_IRQHandler                      
0000352b  SPI1_IRQHandler                      
0000352b  SVC_Handler                          
0000352b  SysTick_Handler                      
0000352b  TIMA0_IRQHandler                     
0000352b  TIMA1_IRQHandler                     
0000352b  TIMG12_IRQHandler                    
0000352b  TIMG6_IRQHandler                     
0000352b  TIMG7_IRQHandler                     
0000352b  TIMG8_IRQHandler                     
0000352b  UART0_IRQHandler                     
0000352b  UART1_IRQHandler                     
0000352b  UART2_IRQHandler                     
0000352b  UART3_IRQHandler                     
0000352e  C$$EXIT                              
0000352f  HOSTexit                             
00003533  Reset_Handler                        
00003537  _system_pre_init                     
00003540  oled_asc2_1608                       
00003b30  oled_asc2_1206                       
00003fb0  __aeabi_ctype_table_                 
00003fb0  __aeabi_ctype_table_C                
00004174  __TI_Handler_Table_Base              
00004180  __TI_Handler_Table_Limit             
00004188  __TI_CINIT_Base                      
00004198  __TI_CINIT_Limit                     
00004198  __TI_CINIT_Warm                      
20200000  OLED_GRAM                            
20200000  __start___llvm_prf_bits              
20200000  __start___llvm_prf_cnts              
20200000  __stop___llvm_prf_bits               
20200000  __stop___llvm_prf_cnts               
20200400  gPWM_0Backup                         
202004bc  oled_buffer3                         
202004dc  oled_buffer4                         
202004fc  oled_buffer5                         
2020051c  oled_buffer6                         
2020053c  gpio_interrup1                       
20200540  gpio_interrup2                       
20200544  Val_A                                
20200546  Val_B                                
20200548  FCD_T_0                              
20200549  KeyNum                               
2020054c  CascadePID_Location_A                
2020057c  CascadePID_Location_B                
202005ac  LocationPID_A                        
202005dc  LocationPID_B                        
2020060c  SpeedPID_A                           
2020063c  SpeedPID_B                           
2020066c  Gray                                 
20200673  Circle                               
20200674  __aeabi_errno                        
20200678  Mode                                 
2020067b  Circle_cnt                           
2020067c  Encoder_Count_A0                     
2020067e  Encoder_Count_A                      
20200680  Encoder_Count_B0                     
20200682  Encoder_Count_B                      
20200684  Speed_L0                             
20200686  Speed_L                              
20200688  Speed_R0                             
2020068a  Speed_R                              
2020068c  Track_Status                         
2020068e  Turn_delay                           
20200690  Turn_delay_cnt                       
20200692  Turn_wait_delay                      
20200694  Turn_wait_delay_cnt                  
20200696  err                                  
20200698  FCD                                  
20200699  FCD_0                                
2020069a  FCD_T                                
2020069b  Target_Cicle                         
20207e00  __stack                              
20208000  __STACK_END                          
ffffffff  __TI_pprof_out_hndl                  
ffffffff  __TI_prof_data_size                  
ffffffff  __TI_prof_data_start                 
ffffffff  __binit__                            
ffffffff  binit                                
UNDEFED   __mpu_init                           
UNDEFED   _system_post_cinit                   

[245 symbols]
