******************************************************************************
            TI ARM Clang Linker PC v4.0.3                      
******************************************************************************
>> Linked Wed Jul 30 15:09:24 2025

OUTPUT FILE NAME:   <222-2.Motor.OLED.out>
ENTRY POINT SYMBOL: "_c_int00_noargs"  address: 00001d31


MEMORY CONFIGURATION

         name            origin    length      used     unused   attr    fill
----------------------  --------  ---------  --------  --------  ----  --------
  FLASH                 00000000   00020000  00002fb0  0001d050  R  X
  SRAM                  20200000   00008000  0000073c  000078c4  RW X
  BCR_CONFIG            41c00000   00000080  00000000  00000080  R   
  BSL_CONFIG            41c00100   00000080  00000000  00000080  R   


SEGMENT ALLOCATION MAP

run origin  load origin   length   init length attrs members
----------  ----------- ---------- ----------- ----- -------
00000000    00000000    00002fb0   00002fb0    r-x
  00000000    00000000    000000c0   000000c0    r-- .intvecs
  000000c0    000000c0    000022d0   000022d0    r-x .text
  00002390    00002390    00000bf0   00000bf0    r-- .rodata
  00002f80    00002f80    00000030   00000030    r-- .cinit
20200000    20200000    0000053c   00000000    rw-
  20200000    20200000    00000534   00000000    rw- .bss
  20200534    20200534    00000008   00000000    rw- .data
20207e00    20207e00    00000200   00000000    rw-
  20207e00    20207e00    00000200   00000000    rw- .stack


SECTION ALLOCATION MAP

 output                                  attributes/
section   page    origin      length       input sections
--------  ----  ----------  ----------   ----------------
.intvecs   0    00000000    000000c0     
                  00000000    000000c0     startup_mspm0g350x_ticlang.o (.intvecs)

.text      0    000000c0    000022d0     
                  000000c0    00000868     libc.a : _printfi.c.obj (.text:__TI_printfi_nofloat)
                  00000928    00000120     encoder.o (.text.GROUP1_IRQHandler)
                  00000a48    00000114     oled.o (.text.OLED_ShowChar)
                  00000b5c    0000010c     motor.o (.text.Set_PWM)
                  00000c68    00000108     ti_msp_dl_config.o (.text.SYSCFG_DL_GPIO_init)
                  00000d70    000000e8     driverlib.a : dl_timer.o (.text.DL_Timer_initTimerMode)
                  00000e58    000000e4     oled.o (.text.OLED_Init)
                  00000f3c    000000dc     driverlib.a : dl_sysctl_mspm0g1x0x_g3x0x.o (.text.DL_SYSCTL_configSYSPLL)
                  00001018    000000dc     oled.o (.text.OLED_ShowNumber)
                  000010f4    000000d4     empty.o (.text.main)
                  000011c8    000000c4     driverlib.a : dl_timer.o (.text.DL_Timer_initPWMMode)
                  0000128c    000000a2     libclang_rt.builtins.a : udivmoddi4.S.obj (.text)
                  0000132e    00000002                            : aeabi_div0.c.obj (.text.__aeabi_idiv0)
                  00001330    00000090     oled.o (.text.OLED_DrawPoint)
                  000013c0    00000090     board.o (.text.delay_us)
                  00001450    00000084     ti_msp_dl_config.o (.text.__NVIC_SetPriority)
                  000014d4    00000080     driverlib.a : dl_timer.o (.text.DL_TimerA_initPWMMode)
                  00001554    00000080     ti_msp_dl_config.o (.text.SYSCFG_DL_PWM_0_init)
                  000015d4    0000007c     oled.o (.text.OLED_Refresh_Gram)
                  00001650    0000007c     libc.a : copy_decompress_lzss.c.obj (.text:decompress:lzss)
                  000016cc    0000007a     oled.o (.text.OLED_ShowString)
                  00001746    0000006e     oled.o (.text.OLED_WR_Byte)
                  000017b4    00000068     ti_msp_dl_config.o (.text.SYSCFG_DL_initPower)
                  0000181c    00000060     oled.o (.text.OLED_Clear)
                  0000187c    0000005c     ti_msp_dl_config.o (.text.SYSCFG_DL_UART_0_init)
                  000018d8    0000004c     ti_msp_dl_config.o (.text.DL_UART_setBaudRateDivisor)
                  00001924    0000004c     ti_msp_dl_config.o (.text.SYSCFG_DL_SYSCTL_init)
                  00001970    0000004c     empty.o (.text.TIMG0_IRQHandler)
                  000019bc    00000048     driverlib.a : dl_uart.o (.text.DL_UART_init)
                  00001a04    00000044                 : dl_sysctl_mspm0g1x0x_g3x0x.o (.text.DL_SYSCTL_switchMCLKfromSYSOSCtoHSCLK)
                  00001a48    00000040     libclang_rt.builtins.a : aeabi_uidivmod.S.obj (.text.__aeabi_uidivmod)
                  00001a88    00000040     libc.a : atoi.c.obj (.text.atoi)
                  00001ac8    0000003c            : autoinit.c.obj (.text:__TI_auto_init_nobinit_nopinit)
                  00001b04    0000003a     libclang_rt.builtins.a : muldsi3.S.obj (.text.__muldsi3)
                  00001b3e    00000002                            : aeabi_div0.c.obj (.text.__aeabi_ldiv0)
                  00001b40    00000038     libc.a : sprintf.c.obj (.text.sprintf)
                  00001b78    00000034     ti_msp_dl_config.o (.text.SYSCFG_DL_TIMER_0_init)
                  00001bac    00000030     board.o (.text.delay_ms)
                  00001bdc    00000030     oled.o (.text.oled_pow)
                  00001c0c    0000002c     ti_msp_dl_config.o (.text.SYSCFG_DL_init)
                  00001c38    0000002c     empty.o (.text.__NVIC_ClearPendingIRQ)
                  00001c64    0000002c     empty.o (.text.__NVIC_EnableIRQ)
                  00001c90    00000028     ti_msp_dl_config.o (.text.DL_Common_updateReg)
                  00001cb8    00000028     ti_msp_dl_config.o (.text.DL_SYSTICK_init)
                  00001ce0    00000028     ti_msp_dl_config.o (.text.DL_UART_setRXFIFOThreshold)
                  00001d08    00000028     ti_msp_dl_config.o (.text.DL_UART_setTXFIFOThreshold)
                  00001d30    00000028     libc.a : boot_cortex_m.c.obj (.text:_c_int00_noargs)
                  00001d58    00000024     libclang_rt.builtins.a : muldi3.S.obj (.text.__muldi3)
                  00001d7c    00000022     libc.a : memccpy.c.obj (.text.memccpy)
                  00001d9e    00000002     --HOLE-- [fill = 0]
                  00001da0    00000020     ti_msp_dl_config.o (.text.DL_GPIO_initPeripheralInputFunction)
                  00001dc0    00000020     ti_msp_dl_config.o (.text.DL_SYSCTL_setFlashWaitState)
                  00001de0    0000001e     ti_msp_dl_config.o (.text.DL_UART_setOversampling)
                  00001dfe    00000002     --HOLE-- [fill = 0]
                  00001e00    0000001e     libclang_rt.builtins.a : ashldi3.S.obj (.text.__ashldi3)
                  00001e1e    00000002     --HOLE-- [fill = 0]
                  00001e20    0000001c     encoder.o (.text.DL_GPIO_clearInterruptStatus)
                  00001e3c    0000001c     ti_msp_dl_config.o (.text.DL_GPIO_clearInterruptStatus)
                  00001e58    0000001c     ti_msp_dl_config.o (.text.DL_GPIO_enableInterrupt)
                  00001e74    0000001c     ti_msp_dl_config.o (.text.DL_GPIO_initDigitalInput)
                  00001e90    0000001c     ti_msp_dl_config.o (.text.DL_GPIO_initPeripheralOutputFunction)
                  00001eac    0000001c     ti_msp_dl_config.o (.text.DL_SYSCTL_setSYSOSCFreq)
                  00001ec8    0000001c     ti_msp_dl_config.o (.text.DL_SYSCTL_setULPCLKDivider)
                  00001ee4    0000001c     ti_msp_dl_config.o (.text.DL_Timer_enableInterrupt)
                  00001f00    0000001c     driverlib.a : dl_timer.o (.text.DL_Timer_setCaptCompUpdateMethod)
                  00001f1c    0000001c                 : dl_timer.o (.text.DL_Timer_setClockConfig)
                  00001f38    00000018     ti_msp_dl_config.o (.text.DL_GPIO_enableOutput)
                  00001f50    00000018     ti_msp_dl_config.o (.text.DL_GPIO_enablePower)
                  00001f68    00000018     encoder.o (.text.DL_GPIO_getEnabledInterruptStatus)
                  00001f80    00000018     ti_msp_dl_config.o (.text.DL_GPIO_initDigitalOutput)
                  00001f98    00000018     ti_msp_dl_config.o (.text.DL_GPIO_reset)
                  00001fb0    00000018     motor.o (.text.DL_GPIO_setPins)
                  00001fc8    00000018     oled.o (.text.DL_GPIO_setPins)
                  00001fe0    00000018     ti_msp_dl_config.o (.text.DL_GPIO_setUpperPinsPolarity)
                  00001ff8    00000018     led.o (.text.DL_GPIO_togglePins)
                  00002010    00000018     ti_msp_dl_config.o (.text.DL_SYSCTL_setBORThreshold)
                  00002028    00000018     ti_msp_dl_config.o (.text.DL_Timer_enablePower)
                  00002040    00000018     ti_msp_dl_config.o (.text.DL_Timer_reset)
                  00002058    00000018     driverlib.a : dl_timer.o (.text.DL_Timer_setCaptureCompareOutCtl)
                  00002070    00000018     ti_msp_dl_config.o (.text.DL_UART_enableFIFOs)
                  00002088    00000018     ti_msp_dl_config.o (.text.DL_UART_enablePower)
                  000020a0    00000018     ti_msp_dl_config.o (.text.DL_UART_reset)
                  000020b8    00000018     libc.a : sprintf.c.obj (.text._outs)
                  000020d0    00000016     encoder.o (.text.DL_GPIO_readPins)
                  000020e6    00000016     ti_msp_dl_config.o (.text.DL_UART_enable)
                  000020fc    00000016     ti_msp_dl_config.o (.text.DL_UART_enableLoopbackMode)
                  00002112    00000014     motor.o (.text.DL_GPIO_clearPins)
                  00002126    00000014     oled.o (.text.DL_GPIO_clearPins)
                  0000213a    00000014     ti_msp_dl_config.o (.text.DL_GPIO_clearPins)
                  0000214e    00000002     --HOLE-- [fill = 0]
                  00002150    00000014     ti_msp_dl_config.o (.text.DL_SYSCTL_disableSYSPLL)
                  00002164    00000014     ti_msp_dl_config.o (.text.DL_SYSCTL_enableMFCLK)
                  00002178    00000014     ti_msp_dl_config.o (.text.DL_Timer_enableClock)
                  0000218c    00000014     ti_msp_dl_config.o (.text.DL_Timer_setCCPDirection)
                  000021a0    00000014     led.o (.text.LED_Toggle)
                  000021b4    00000014     oled.o (.text.OLED_RST_Clr)
                  000021c8    00000014     oled.o (.text.OLED_RST_Set)
                  000021dc    00000014     oled.o (.text.OLED_RS_Clr)
                  000021f0    00000014     oled.o (.text.OLED_RS_Set)
                  00002204    00000014     oled.o (.text.OLED_SCLK_Clr)
                  00002218    00000014     oled.o (.text.OLED_SCLK_Set)
                  0000222c    00000014     oled.o (.text.OLED_SDIN_Clr)
                  00002240    00000014     oled.o (.text.OLED_SDIN_Set)
                  00002254    00000014     libclang_rt.builtins.a : aeabi_uldivmod.S.obj (.text.__aeabi_uldivmod)
                  00002268    00000012     empty.o (.text.DL_Timer_getPendingInterrupt)
                  0000227a    00000012     driverlib.a : dl_uart.o (.text.DL_UART_setClockConfig)
                  0000228c    00000012     libc.a : memcpy16.S.obj (.text:TI_memcpy_small)
                  0000229e    00000012            : copy_decompress_none.c.obj (.text:decompress:none)
                  000022b0    00000010     ti_msp_dl_config.o (.text.DL_SYSCTL_disableHFXT)
                  000022c0    00000010     ti_msp_dl_config.o (.text.DL_SYSTICK_enable)
                  000022d0    00000010     driverlib.a : dl_timer.o (.text.DL_Timer_setCaptureCompareValue)
                  000022e0    00000010     ti_msp_dl_config.o (.text.SYSCFG_DL_SYSTICK_init)
                  000022f0    00000010     libc.a : wcslen.c.obj (.text.wcslen)
                  00002300    00000010            : copy_zero_init.c.obj (.text:decompress:ZI)
                  00002310    0000000e     libclang_rt.builtins.a : aeabi_memset.S.obj (.text.__aeabi_memset)
                  0000231e    0000000e     libc.a : _printfi.c.obj (.text.strlen)
                  0000232c    0000000e            : memset16.S.obj (.text:TI_memset_small)
                  0000233a    00000002     --HOLE-- [fill = 0]
                  0000233c    0000000c     board.o (.text.Systick_getTick)
                  00002348    0000000c     libclang_rt.builtins.a : aeabi_memset.S.obj (.text.__aeabi_memclr)
                  00002354    0000000a     driverlib.a : dl_common.o (.text.DL_Common_delayCycles)
                  0000235e    0000000a     libc.a : sprintf.c.obj (.text._outc)
                  00002368    00000008            : aeabi_portable.c.obj (.text.__aeabi_errno_addr)
                  00002370    00000008     libclang_rt.builtins.a : aeabi_memcpy.S.obj (.text.__aeabi_memcpy)
                  00002378    00000006     libc.a : exit.c.obj (.text:abort)
                  0000237e    00000004     startup_mspm0g350x_ticlang.o (.text.Default_Handler)
                  00002382    00000004     libsysbm.a : hostexit.c.obj (.text.HOSTexit)
                  00002386    00000004     startup_mspm0g350x_ticlang.o (.text.Reset_Handler)
                  0000238a    00000004     libc.a : pre_init.c.obj (.text._system_pre_init)
                  0000238e    00000002     --HOLE-- [fill = 0]

.cinit     0    00002f80    00000030     
                  00002f80    0000000c     (__TI_handler_table)
                  00002f8c    00000008     (.cinit..bss.load) [load image, compression = zero_init]
                  00002f94    00000007     (.cinit..data.load) [load image, compression = lzss]
                  00002f9b    00000001     --HOLE-- [fill = 0]
                  00002f9c    00000010     (__TI_cinit_table)
                  00002fac    00000004     --HOLE-- [fill = 0]

.rodata    0    00002390    00000bf0     
                  00002390    000005f0     oled.o (.rodata.oled_asc2_1608)
                  00002980    00000474     oled.o (.rodata.oled_asc2_1206)
                  00002df4    0000000a     ti_msp_dl_config.o (.rodata.gUART_0Config)
                  00002dfe    00000002     ti_msp_dl_config.o (.rodata.gUART_0ClockConfig)
                  00002e00    00000101     libc.a : aeabi_ctype.S.obj (.rodata:__aeabi_ctype_table_)
                  00002f01    00000003     ti_msp_dl_config.o (.rodata.gPWM_0ClockConfig)
                  00002f04    00000028     ti_msp_dl_config.o (.rodata.gSYSPLLConfig)
                  00002f2c    00000014     ti_msp_dl_config.o (.rodata.gTIMER_0TimerConfig)
                  00002f40    00000011     libc.a : _printfi.c.obj (.rodata.str1.10348868589481759720.1)
                  00002f51    00000011            : _printfi.c.obj (.rodata.str1.15363888844622738466.1)
                  00002f62    00000002     --HOLE-- [fill = 0]
                  00002f64    00000008     ti_msp_dl_config.o (.rodata.gPWM_0Config)
                  00002f6c    00000005     empty.o (.rodata.str1.9517790425240694019.1)
                  00002f71    00000003     ti_msp_dl_config.o (.rodata.gTIMER_0ClockConfig)
                  00002f74    0000000c     --HOLE-- [fill = 0]

.init_array 
*          0    00000000    00000000     UNINITIALIZED

.binit     0    00000000    00000000     

.bss       0    20200000    00000534     UNINITIALIZED
                  20200000    00000400     (.common:OLED_GRAM)
                  20200400    000000bc     (.common:gPWM_0Backup)
                  202004bc    00000020     (.common:oled_buffer1)
                  202004dc    00000020     (.common:oled_buffer2)
                  202004fc    00000020     (.common:oled_buffer3)
                  2020051c    00000004     (.common:Get_Encoder_countA)
                  20200520    00000004     (.common:Get_Encoder_countB)
                  20200524    00000004     (.common:encoderA_cnt)
                  20200528    00000004     (.common:encoderB_cnt)
                  2020052c    00000004     (.common:gpio_interrup1)
                  20200530    00000004     (.common:gpio_interrup2)

.data      0    20200534    00000008     UNINITIALIZED
                  20200534    00000004     libc.a : aeabi_portable.c.obj (.data.__aeabi_errno)
                  20200538    00000004     empty.o (.data.temp)

.stack     0    20207e00    00000200     UNINITIALIZED
                  20207e00    00000004     libc.a : boot_cortex_m.c.obj (.stack)
                  20207e04    000001fc     --HOLE--

__llvm_prf_cnts 
*          0    20200000    00000000     UNINITIALIZED

__llvm_prf_bits 
*          0    20200000    00000000     UNINITIALIZED

MODULE SUMMARY

       Module                         code   ro data   rw data
       ------                         ----   -------   -------
    .\
       ti_msp_dl_config.o             1874   86        188    
       empty.o                        394    5         116    
       startup_mspm0g350x_ticlang.o   8      192       0      
    +--+------------------------------+------+---------+---------+
       Total:                         2276   283       304    
                                                              
    .\Hardware\
       oled.o                         1572   2660      1024   
       encoder.o                      362    0         8      
       motor.o                        312    0         0      
       board.o                        204    0         0      
       led.o                          44     0         0      
    +--+------------------------------+------+---------+---------+
       Total:                         2494   2660      1032   
                                                              
    C:/ti/mspm0_sdk_2_01_00_03/source/ti/driverlib/lib/ticlang/m0p/mspm0g1x0x_g3x0x/driverlib.a
       dl_timer.o                     652    0         0      
       dl_sysctl_mspm0g1x0x_g3x0x.o   288    0         0      
       dl_uart.o                      90     0         0      
       dl_common.o                    10     0         0      
    +--+------------------------------+------+---------+---------+
       Total:                         1040   0         0      
                                                              
    C:\ti\ccs2020\ccs\tools\compiler\ti-cgt-armllvm_4.0.3.LTS\lib\armv6m-ti-none-eabi/c/libc.a
       _printfi.c.obj                 2166   34        0      
       aeabi_ctype.S.obj              0      257       0      
       copy_decompress_lzss.c.obj     124    0         0      
       sprintf.c.obj                  90     0         0      
       atoi.c.obj                     64     0         0      
       autoinit.c.obj                 60     0         0      
       boot_cortex_m.c.obj            40     0         0      
       memccpy.c.obj                  34     0         0      
       copy_decompress_none.c.obj     18     0         0      
       memcpy16.S.obj                 18     0         0      
       copy_zero_init.c.obj           16     0         0      
       wcslen.c.obj                   16     0         0      
       memset16.S.obj                 14     0         0      
       aeabi_portable.c.obj           8      0         4      
       exit.c.obj                     6      0         0      
       pre_init.c.obj                 4      0         0      
    +--+------------------------------+------+---------+---------+
       Total:                         2678   291       4      
                                                              
    C:\ti\ccs2020\ccs\tools\compiler\ti-cgt-armllvm_4.0.3.LTS\lib\armv6m-ti-none-eabi/c/libsysbm.a
       hostexit.c.obj                 4      0         0      
    +--+------------------------------+------+---------+---------+
       Total:                         4      0         0      
                                                              
    C:\ti\ccs2020\ccs\tools\compiler\ti-cgt-armllvm_4.0.3.LTS\lib\armv6m-ti-none-eabi/libclang_rt.builtins.a
       udivmoddi4.S.obj               162    0         0      
       aeabi_uidivmod.S.obj           64     0         0      
       muldsi3.S.obj                  58     0         0      
       muldi3.S.obj                   36     0         0      
       ashldi3.S.obj                  30     0         0      
       aeabi_memset.S.obj             26     0         0      
       aeabi_uldivmod.S.obj           20     0         0      
       aeabi_memcpy.S.obj             8      0         0      
       aeabi_div0.c.obj               4      0         0      
    +--+------------------------------+------+---------+---------+
       Total:                         408    0         0      
                                                              
       Stack:                         0      0         512    
       Linker Generated:              0      43        0      
    +--+------------------------------+------+---------+---------+
       Grand Total:                   8900   3277      1852   


LINKER GENERATED COPY TABLES

__TI_cinit_table @ 00002f9c records: 2, size/record: 8, table size: 16
	.bss: load addr=00002f8c, load size=00000008 bytes, run addr=20200000, run size=00000534 bytes, compression=zero_init
	.data: load addr=00002f94, load size=00000007 bytes, run addr=20200534, run size=00000008 bytes, compression=lzss


LINKER GENERATED HANDLER TABLE

__TI_handler_table @ 00002f80 records: 3, size/record: 4, table size: 12
	index: 0, handler: __TI_decompress_lzss
	index: 1, handler: __TI_decompress_none
	index: 2, handler: __TI_zero_init


GLOBAL SYMBOLS: SORTED ALPHABETICALLY BY Name 

address   name                                 
-------   ----                                 
0000237f  ADC0_IRQHandler                      
0000237f  ADC1_IRQHandler                      
0000237f  AES_IRQHandler                       
00002382  C$$EXIT                              
0000237f  CANFD0_IRQHandler                    
0000237f  DAC0_IRQHandler                      
00002355  DL_Common_delayCycles                
00000f3d  DL_SYSCTL_configSYSPLL               
00001a05  DL_SYSCTL_switchMCLKfromSYSOSCtoHSCLK
000014d5  DL_TimerA_initPWMMode                
000011c9  DL_Timer_initPWMMode                 
00000d71  DL_Timer_initTimerMode               
00001f01  DL_Timer_setCaptCompUpdateMethod     
00002059  DL_Timer_setCaptureCompareOutCtl     
000022d1  DL_Timer_setCaptureCompareValue      
00001f1d  DL_Timer_setClockConfig              
000019bd  DL_UART_init                         
0000227b  DL_UART_setClockConfig               
0000237f  DMA_IRQHandler                       
0000237f  Default_Handler                      
0000237f  GROUP0_IRQHandler                    
00000929  GROUP1_IRQHandler                    
2020051c  Get_Encoder_countA                   
20200520  Get_Encoder_countB                   
00002383  HOSTexit                             
0000237f  HardFault_Handler                    
0000237f  I2C0_IRQHandler                      
0000237f  I2C1_IRQHandler                      
000021a1  LED_Toggle                           
0000237f  NMI_Handler                          
0000181d  OLED_Clear                           
00001331  OLED_DrawPoint                       
20200000  OLED_GRAM                            
00000e59  OLED_Init                            
000021b5  OLED_RST_Clr                         
000021c9  OLED_RST_Set                         
000021dd  OLED_RS_Clr                          
000021f1  OLED_RS_Set                          
000015d5  OLED_Refresh_Gram                    
00002205  OLED_SCLK_Clr                        
00002219  OLED_SCLK_Set                        
0000222d  OLED_SDIN_Clr                        
00002241  OLED_SDIN_Set                        
00000a49  OLED_ShowChar                        
00001019  OLED_ShowNumber                      
000016cd  OLED_ShowString                      
00001747  OLED_WR_Byte                         
0000237f  PendSV_Handler                       
0000237f  RTC_IRQHandler                       
00002387  Reset_Handler                        
0000237f  SPI0_IRQHandler                      
0000237f  SPI1_IRQHandler                      
0000237f  SVC_Handler                          
00000c69  SYSCFG_DL_GPIO_init                  
00001555  SYSCFG_DL_PWM_0_init                 
00001925  SYSCFG_DL_SYSCTL_init                
000022e1  SYSCFG_DL_SYSTICK_init               
00001b79  SYSCFG_DL_TIMER_0_init               
0000187d  SYSCFG_DL_UART_0_init                
00001c0d  SYSCFG_DL_init                       
000017b5  SYSCFG_DL_initPower                  
00000b5d  Set_PWM                              
0000237f  SysTick_Handler                      
0000233d  Systick_getTick                      
0000237f  TIMA0_IRQHandler                     
0000237f  TIMA1_IRQHandler                     
00001971  TIMG0_IRQHandler                     
0000237f  TIMG12_IRQHandler                    
0000237f  TIMG6_IRQHandler                     
0000237f  TIMG7_IRQHandler                     
0000237f  TIMG8_IRQHandler                     
0000228d  TI_memcpy_small                      
0000232d  TI_memset_small                      
0000237f  UART0_IRQHandler                     
0000237f  UART1_IRQHandler                     
0000237f  UART2_IRQHandler                     
0000237f  UART3_IRQHandler                     
20208000  __STACK_END                          
00000200  __STACK_SIZE                         
00000000  __TI_ATRegion0_region_sz             
00000000  __TI_ATRegion0_src_addr              
00000000  __TI_ATRegion0_trg_addr              
00000000  __TI_ATRegion1_region_sz             
00000000  __TI_ATRegion1_src_addr              
00000000  __TI_ATRegion1_trg_addr              
00000000  __TI_ATRegion2_region_sz             
00000000  __TI_ATRegion2_src_addr              
00000000  __TI_ATRegion2_trg_addr              
00002f9c  __TI_CINIT_Base                      
00002fac  __TI_CINIT_Limit                     
00002fac  __TI_CINIT_Warm                      
00002f80  __TI_Handler_Table_Base              
00002f8c  __TI_Handler_Table_Limit             
00001ac9  __TI_auto_init_nobinit_nopinit       
00001651  __TI_decompress_lzss                 
0000229f  __TI_decompress_none                 
ffffffff  __TI_pprof_out_hndl                  
000000c1  __TI_printfi_nofloat                 
ffffffff  __TI_prof_data_size                  
ffffffff  __TI_prof_data_start                 
00000000  __TI_static_base__                   
00002301  __TI_zero_init                       
00002e00  __aeabi_ctype_table_                 
00002e00  __aeabi_ctype_table_C                
20200534  __aeabi_errno                        
00002369  __aeabi_errno_addr                   
0000132f  __aeabi_idiv0                        
00001b3f  __aeabi_ldiv0                        
00001e01  __aeabi_llsl                         
00001d59  __aeabi_lmul                         
00002349  __aeabi_memclr                       
00002349  __aeabi_memclr4                      
00002349  __aeabi_memclr8                      
00002371  __aeabi_memcpy                       
00002371  __aeabi_memcpy4                      
00002371  __aeabi_memcpy8                      
00002311  __aeabi_memset                       
00002311  __aeabi_memset4                      
00002311  __aeabi_memset8                      
00001a49  __aeabi_uidiv                        
00001a49  __aeabi_uidivmod                     
00002255  __aeabi_uldivmod                     
00001e01  __ashldi3                            
ffffffff  __binit__                            
UNDEFED   __mpu_init                           
00001d59  __muldi3                             
00001b05  __muldsi3                            
20207e00  __stack                              
20200000  __start___llvm_prf_bits              
20200000  __start___llvm_prf_cnts              
20200000  __stop___llvm_prf_bits               
20200000  __stop___llvm_prf_cnts               
0000128d  __udivmoddi4                         
00001d31  _c_int00_noargs                      
UNDEFED   _system_post_cinit                   
0000238b  _system_pre_init                     
00002379  abort                                
00001a89  atoi                                 
ffffffff  binit                                
00001bad  delay_ms                             
000013c1  delay_us                             
20200524  encoderA_cnt                         
20200528  encoderB_cnt                         
20200400  gPWM_0Backup                         
2020052c  gpio_interrup1                       
20200530  gpio_interrup2                       
00000000  interruptVectors                     
000010f5  main                                 
00001d7d  memccpy                              
00002980  oled_asc2_1206                       
00002390  oled_asc2_1608                       
202004bc  oled_buffer1                         
202004dc  oled_buffer2                         
202004fc  oled_buffer3                         
00001bdd  oled_pow                             
00001b41  sprintf                              
20200538  temp                                 
000022f1  wcslen                               


GLOBAL SYMBOLS: SORTED BY Symbol Address 

address   name                                 
-------   ----                                 
00000000  __TI_ATRegion0_region_sz             
00000000  __TI_ATRegion0_src_addr              
00000000  __TI_ATRegion0_trg_addr              
00000000  __TI_ATRegion1_region_sz             
00000000  __TI_ATRegion1_src_addr              
00000000  __TI_ATRegion1_trg_addr              
00000000  __TI_ATRegion2_region_sz             
00000000  __TI_ATRegion2_src_addr              
00000000  __TI_ATRegion2_trg_addr              
00000000  __TI_static_base__                   
00000000  interruptVectors                     
000000c1  __TI_printfi_nofloat                 
00000200  __STACK_SIZE                         
00000929  GROUP1_IRQHandler                    
00000a49  OLED_ShowChar                        
00000b5d  Set_PWM                              
00000c69  SYSCFG_DL_GPIO_init                  
00000d71  DL_Timer_initTimerMode               
00000e59  OLED_Init                            
00000f3d  DL_SYSCTL_configSYSPLL               
00001019  OLED_ShowNumber                      
000010f5  main                                 
000011c9  DL_Timer_initPWMMode                 
0000128d  __udivmoddi4                         
0000132f  __aeabi_idiv0                        
00001331  OLED_DrawPoint                       
000013c1  delay_us                             
000014d5  DL_TimerA_initPWMMode                
00001555  SYSCFG_DL_PWM_0_init                 
000015d5  OLED_Refresh_Gram                    
00001651  __TI_decompress_lzss                 
000016cd  OLED_ShowString                      
00001747  OLED_WR_Byte                         
000017b5  SYSCFG_DL_initPower                  
0000181d  OLED_Clear                           
0000187d  SYSCFG_DL_UART_0_init                
00001925  SYSCFG_DL_SYSCTL_init                
00001971  TIMG0_IRQHandler                     
000019bd  DL_UART_init                         
00001a05  DL_SYSCTL_switchMCLKfromSYSOSCtoHSCLK
00001a49  __aeabi_uidiv                        
00001a49  __aeabi_uidivmod                     
00001a89  atoi                                 
00001ac9  __TI_auto_init_nobinit_nopinit       
00001b05  __muldsi3                            
00001b3f  __aeabi_ldiv0                        
00001b41  sprintf                              
00001b79  SYSCFG_DL_TIMER_0_init               
00001bad  delay_ms                             
00001bdd  oled_pow                             
00001c0d  SYSCFG_DL_init                       
00001d31  _c_int00_noargs                      
00001d59  __aeabi_lmul                         
00001d59  __muldi3                             
00001d7d  memccpy                              
00001e01  __aeabi_llsl                         
00001e01  __ashldi3                            
00001f01  DL_Timer_setCaptCompUpdateMethod     
00001f1d  DL_Timer_setClockConfig              
00002059  DL_Timer_setCaptureCompareOutCtl     
000021a1  LED_Toggle                           
000021b5  OLED_RST_Clr                         
000021c9  OLED_RST_Set                         
000021dd  OLED_RS_Clr                          
000021f1  OLED_RS_Set                          
00002205  OLED_SCLK_Clr                        
00002219  OLED_SCLK_Set                        
0000222d  OLED_SDIN_Clr                        
00002241  OLED_SDIN_Set                        
00002255  __aeabi_uldivmod                     
0000227b  DL_UART_setClockConfig               
0000228d  TI_memcpy_small                      
0000229f  __TI_decompress_none                 
000022d1  DL_Timer_setCaptureCompareValue      
000022e1  SYSCFG_DL_SYSTICK_init               
000022f1  wcslen                               
00002301  __TI_zero_init                       
00002311  __aeabi_memset                       
00002311  __aeabi_memset4                      
00002311  __aeabi_memset8                      
0000232d  TI_memset_small                      
0000233d  Systick_getTick                      
00002349  __aeabi_memclr                       
00002349  __aeabi_memclr4                      
00002349  __aeabi_memclr8                      
00002355  DL_Common_delayCycles                
00002369  __aeabi_errno_addr                   
00002371  __aeabi_memcpy                       
00002371  __aeabi_memcpy4                      
00002371  __aeabi_memcpy8                      
00002379  abort                                
0000237f  ADC0_IRQHandler                      
0000237f  ADC1_IRQHandler                      
0000237f  AES_IRQHandler                       
0000237f  CANFD0_IRQHandler                    
0000237f  DAC0_IRQHandler                      
0000237f  DMA_IRQHandler                       
0000237f  Default_Handler                      
0000237f  GROUP0_IRQHandler                    
0000237f  HardFault_Handler                    
0000237f  I2C0_IRQHandler                      
0000237f  I2C1_IRQHandler                      
0000237f  NMI_Handler                          
0000237f  PendSV_Handler                       
0000237f  RTC_IRQHandler                       
0000237f  SPI0_IRQHandler                      
0000237f  SPI1_IRQHandler                      
0000237f  SVC_Handler                          
0000237f  SysTick_Handler                      
0000237f  TIMA0_IRQHandler                     
0000237f  TIMA1_IRQHandler                     
0000237f  TIMG12_IRQHandler                    
0000237f  TIMG6_IRQHandler                     
0000237f  TIMG7_IRQHandler                     
0000237f  TIMG8_IRQHandler                     
0000237f  UART0_IRQHandler                     
0000237f  UART1_IRQHandler                     
0000237f  UART2_IRQHandler                     
0000237f  UART3_IRQHandler                     
00002382  C$$EXIT                              
00002383  HOSTexit                             
00002387  Reset_Handler                        
0000238b  _system_pre_init                     
00002390  oled_asc2_1608                       
00002980  oled_asc2_1206                       
00002e00  __aeabi_ctype_table_                 
00002e00  __aeabi_ctype_table_C                
00002f80  __TI_Handler_Table_Base              
00002f8c  __TI_Handler_Table_Limit             
00002f9c  __TI_CINIT_Base                      
00002fac  __TI_CINIT_Limit                     
00002fac  __TI_CINIT_Warm                      
20200000  OLED_GRAM                            
20200000  __start___llvm_prf_bits              
20200000  __start___llvm_prf_cnts              
20200000  __stop___llvm_prf_bits               
20200000  __stop___llvm_prf_cnts               
20200400  gPWM_0Backup                         
202004bc  oled_buffer1                         
202004dc  oled_buffer2                         
202004fc  oled_buffer3                         
2020051c  Get_Encoder_countA                   
20200520  Get_Encoder_countB                   
20200524  encoderA_cnt                         
20200528  encoderB_cnt                         
2020052c  gpio_interrup1                       
20200530  gpio_interrup2                       
20200534  __aeabi_errno                        
20200538  temp                                 
20207e00  __stack                              
20208000  __STACK_END                          
ffffffff  __TI_pprof_out_hndl                  
ffffffff  __TI_prof_data_size                  
ffffffff  __TI_prof_data_start                 
ffffffff  __binit__                            
ffffffff  binit                                
UNDEFED   __mpu_init                           
UNDEFED   _system_post_cinit                   

[158 symbols]
