******************************************************************************
            TI ARM Clang Linker PC v4.0.3                      
******************************************************************************
>> Linked Wed Jul 30 14:21:02 2025

OUTPUT FILE NAME:   <222-2.out>
ENTRY POINT SYMBOL: "_c_int00_noargs"  address: 00001c39


MEMORY CONFIGURATION

         name            origin    length      used     unused   attr    fill
----------------------  --------  ---------  --------  --------  ----  --------
  FLASH                 00000000   00020000  00002ea8  0001d158  R  X
  SRAM                  20200000   00008000  000006f4  0000790c  RW X
  BCR_CONFIG            41c00000   00000080  00000000  00000080  R   
  BSL_CONFIG            41c00100   00000080  00000000  00000080  R   


SEGMENT ALLOCATION MAP

run origin  load origin   length   init length attrs members
----------  ----------- ---------- ----------- ----- -------
00000000    00000000    00002288   00002288    r-x
  00000000    00000000    000000c0   000000c0    r-- .intvecs
  000000c0    000000c0    000021c8   000021c8    r-x .text
00002290    00002290    00000c20   00000c20    r--
  00002290    00002290    00000bf0   00000bf0    r-- .rodata
  00002e80    00002e80    00000030   00000030    r-- .cinit
20200000    20200000    000004f4   00000000    rw-
  20200000    20200000    000004ec   00000000    rw- .bss
  202004ec    202004ec    00000008   00000000    rw- .data
20207e00    20207e00    00000200   00000000    rw-
  20207e00    20207e00    00000200   00000000    rw- .stack


SECTION ALLOCATION MAP

 output                                  attributes/
section   page    origin      length       input sections
--------  ----  ----------  ----------   ----------------
.intvecs   0    00000000    000000c0     
                  00000000    000000c0     startup_mspm0g350x_ticlang.o (.intvecs)

.text      0    000000c0    000021c8     
                  000000c0    00000868     libc.a : _printfi.c.obj (.text:__TI_printfi_nofloat)
                  00000928    00000120     encoder.o (.text.GROUP1_IRQHandler)
                  00000a48    00000114     oled.o (.text.OLED_ShowChar)
                  00000b5c    0000010c     motor.o (.text.Set_PWM)
                  00000c68    00000108     ti_msp_dl_config.o (.text.SYSCFG_DL_GPIO_init)
                  00000d70    000000e8     driverlib.a : dl_timer.o (.text.DL_Timer_initTimerMode)
                  00000e58    000000e4     oled.o (.text.OLED_Init)
                  00000f3c    000000dc     driverlib.a : dl_sysctl_mspm0g1x0x_g3x0x.o (.text.DL_SYSCTL_configSYSPLL)
                  00001018    000000dc     oled.o (.text.OLED_ShowNumber)
                  000010f4    000000c4     driverlib.a : dl_timer.o (.text.DL_Timer_initPWMMode)
                  000011b8    000000a2     libclang_rt.builtins.a : udivmoddi4.S.obj (.text)
                  0000125a    00000002                            : aeabi_div0.c.obj (.text.__aeabi_idiv0)
                  0000125c    00000090     oled.o (.text.OLED_DrawPoint)
                  000012ec    00000090     board.o (.text.delay_us)
                  0000137c    00000084     ti_msp_dl_config.o (.text.__NVIC_SetPriority)
                  00001400    00000080     driverlib.a : dl_timer.o (.text.DL_TimerA_initPWMMode)
                  00001480    00000080     ti_msp_dl_config.o (.text.SYSCFG_DL_PWM_0_init)
                  00001500    00000080     empty.o (.text.main)
                  00001580    0000007c     oled.o (.text.OLED_Refresh_Gram)
                  000015fc    0000007c     libc.a : copy_decompress_lzss.c.obj (.text:decompress:lzss)
                  00001678    0000007a     oled.o (.text.OLED_ShowString)
                  000016f2    0000006e     oled.o (.text.OLED_WR_Byte)
                  00001760    00000068     ti_msp_dl_config.o (.text.SYSCFG_DL_initPower)
                  000017c8    00000060     oled.o (.text.OLED_Clear)
                  00001828    0000005c     ti_msp_dl_config.o (.text.SYSCFG_DL_UART_0_init)
                  00001884    0000004c     ti_msp_dl_config.o (.text.DL_UART_setBaudRateDivisor)
                  000018d0    0000004c     ti_msp_dl_config.o (.text.SYSCFG_DL_SYSCTL_init)
                  0000191c    00000048     driverlib.a : dl_uart.o (.text.DL_UART_init)
                  00001964    00000044                 : dl_sysctl_mspm0g1x0x_g3x0x.o (.text.DL_SYSCTL_switchMCLKfromSYSOSCtoHSCLK)
                  000019a8    00000040     libclang_rt.builtins.a : aeabi_uidivmod.S.obj (.text.__aeabi_uidivmod)
                  000019e8    00000040     libc.a : atoi.c.obj (.text.atoi)
                  00001a28    0000003c            : autoinit.c.obj (.text:__TI_auto_init_nobinit_nopinit)
                  00001a64    0000003a     libclang_rt.builtins.a : muldsi3.S.obj (.text.__muldsi3)
                  00001a9e    00000002                            : aeabi_div0.c.obj (.text.__aeabi_ldiv0)
                  00001aa0    00000038     libc.a : sprintf.c.obj (.text.sprintf)
                  00001ad8    00000034     ti_msp_dl_config.o (.text.SYSCFG_DL_TIMER_0_init)
                  00001b0c    00000030     board.o (.text.delay_ms)
                  00001b3c    00000030     oled.o (.text.oled_pow)
                  00001b6c    0000002c     ti_msp_dl_config.o (.text.SYSCFG_DL_init)
                  00001b98    00000028     ti_msp_dl_config.o (.text.DL_Common_updateReg)
                  00001bc0    00000028     ti_msp_dl_config.o (.text.DL_SYSTICK_init)
                  00001be8    00000028     ti_msp_dl_config.o (.text.DL_UART_setRXFIFOThreshold)
                  00001c10    00000028     ti_msp_dl_config.o (.text.DL_UART_setTXFIFOThreshold)
                  00001c38    00000028     libc.a : boot_cortex_m.c.obj (.text:_c_int00_noargs)
                  00001c60    00000024     libclang_rt.builtins.a : muldi3.S.obj (.text.__muldi3)
                  00001c84    00000022     libc.a : memccpy.c.obj (.text.memccpy)
                  00001ca6    00000002     --HOLE-- [fill = 0]
                  00001ca8    00000020     ti_msp_dl_config.o (.text.DL_GPIO_initPeripheralInputFunction)
                  00001cc8    00000020     ti_msp_dl_config.o (.text.DL_SYSCTL_setFlashWaitState)
                  00001ce8    0000001e     ti_msp_dl_config.o (.text.DL_UART_setOversampling)
                  00001d06    00000002     --HOLE-- [fill = 0]
                  00001d08    0000001e     libclang_rt.builtins.a : ashldi3.S.obj (.text.__ashldi3)
                  00001d26    00000002     --HOLE-- [fill = 0]
                  00001d28    0000001c     encoder.o (.text.DL_GPIO_clearInterruptStatus)
                  00001d44    0000001c     ti_msp_dl_config.o (.text.DL_GPIO_clearInterruptStatus)
                  00001d60    0000001c     ti_msp_dl_config.o (.text.DL_GPIO_enableInterrupt)
                  00001d7c    0000001c     ti_msp_dl_config.o (.text.DL_GPIO_initDigitalInput)
                  00001d98    0000001c     ti_msp_dl_config.o (.text.DL_GPIO_initPeripheralOutputFunction)
                  00001db4    0000001c     ti_msp_dl_config.o (.text.DL_SYSCTL_setSYSOSCFreq)
                  00001dd0    0000001c     ti_msp_dl_config.o (.text.DL_SYSCTL_setULPCLKDivider)
                  00001dec    0000001c     ti_msp_dl_config.o (.text.DL_Timer_enableInterrupt)
                  00001e08    0000001c     driverlib.a : dl_timer.o (.text.DL_Timer_setCaptCompUpdateMethod)
                  00001e24    0000001c                 : dl_timer.o (.text.DL_Timer_setClockConfig)
                  00001e40    00000018     ti_msp_dl_config.o (.text.DL_GPIO_enableOutput)
                  00001e58    00000018     ti_msp_dl_config.o (.text.DL_GPIO_enablePower)
                  00001e70    00000018     encoder.o (.text.DL_GPIO_getEnabledInterruptStatus)
                  00001e88    00000018     ti_msp_dl_config.o (.text.DL_GPIO_initDigitalOutput)
                  00001ea0    00000018     ti_msp_dl_config.o (.text.DL_GPIO_reset)
                  00001eb8    00000018     motor.o (.text.DL_GPIO_setPins)
                  00001ed0    00000018     oled.o (.text.DL_GPIO_setPins)
                  00001ee8    00000018     ti_msp_dl_config.o (.text.DL_GPIO_setUpperPinsPolarity)
                  00001f00    00000018     led.o (.text.DL_GPIO_togglePins)
                  00001f18    00000018     ti_msp_dl_config.o (.text.DL_SYSCTL_setBORThreshold)
                  00001f30    00000018     ti_msp_dl_config.o (.text.DL_Timer_enablePower)
                  00001f48    00000018     ti_msp_dl_config.o (.text.DL_Timer_reset)
                  00001f60    00000018     driverlib.a : dl_timer.o (.text.DL_Timer_setCaptureCompareOutCtl)
                  00001f78    00000018     ti_msp_dl_config.o (.text.DL_UART_enableFIFOs)
                  00001f90    00000018     ti_msp_dl_config.o (.text.DL_UART_enablePower)
                  00001fa8    00000018     ti_msp_dl_config.o (.text.DL_UART_reset)
                  00001fc0    00000018     libc.a : sprintf.c.obj (.text._outs)
                  00001fd8    00000016     encoder.o (.text.DL_GPIO_readPins)
                  00001fee    00000016     ti_msp_dl_config.o (.text.DL_UART_enable)
                  00002004    00000016     ti_msp_dl_config.o (.text.DL_UART_enableLoopbackMode)
                  0000201a    00000014     motor.o (.text.DL_GPIO_clearPins)
                  0000202e    00000014     oled.o (.text.DL_GPIO_clearPins)
                  00002042    00000014     ti_msp_dl_config.o (.text.DL_GPIO_clearPins)
                  00002056    00000002     --HOLE-- [fill = 0]
                  00002058    00000014     ti_msp_dl_config.o (.text.DL_SYSCTL_disableSYSPLL)
                  0000206c    00000014     ti_msp_dl_config.o (.text.DL_SYSCTL_enableMFCLK)
                  00002080    00000014     ti_msp_dl_config.o (.text.DL_Timer_enableClock)
                  00002094    00000014     ti_msp_dl_config.o (.text.DL_Timer_setCCPDirection)
                  000020a8    00000014     led.o (.text.LED_Toggle)
                  000020bc    00000014     oled.o (.text.OLED_RST_Clr)
                  000020d0    00000014     oled.o (.text.OLED_RST_Set)
                  000020e4    00000014     oled.o (.text.OLED_RS_Clr)
                  000020f8    00000014     oled.o (.text.OLED_RS_Set)
                  0000210c    00000014     oled.o (.text.OLED_SCLK_Clr)
                  00002120    00000014     oled.o (.text.OLED_SCLK_Set)
                  00002134    00000014     oled.o (.text.OLED_SDIN_Clr)
                  00002148    00000014     oled.o (.text.OLED_SDIN_Set)
                  0000215c    00000014     libclang_rt.builtins.a : aeabi_uldivmod.S.obj (.text.__aeabi_uldivmod)
                  00002170    00000012     driverlib.a : dl_uart.o (.text.DL_UART_setClockConfig)
                  00002182    00000012     libc.a : memcpy16.S.obj (.text:TI_memcpy_small)
                  00002194    00000012            : copy_decompress_none.c.obj (.text:decompress:none)
                  000021a6    00000002     --HOLE-- [fill = 0]
                  000021a8    00000010     ti_msp_dl_config.o (.text.DL_SYSCTL_disableHFXT)
                  000021b8    00000010     ti_msp_dl_config.o (.text.DL_SYSTICK_enable)
                  000021c8    00000010     driverlib.a : dl_timer.o (.text.DL_Timer_setCaptureCompareValue)
                  000021d8    00000010     ti_msp_dl_config.o (.text.SYSCFG_DL_SYSTICK_init)
                  000021e8    00000010     libc.a : wcslen.c.obj (.text.wcslen)
                  000021f8    00000010            : copy_zero_init.c.obj (.text:decompress:ZI)
                  00002208    0000000e     libclang_rt.builtins.a : aeabi_memset.S.obj (.text.__aeabi_memset)
                  00002216    0000000e     libc.a : _printfi.c.obj (.text.strlen)
                  00002224    0000000e            : memset16.S.obj (.text:TI_memset_small)
                  00002232    00000002     --HOLE-- [fill = 0]
                  00002234    0000000c     board.o (.text.Systick_getTick)
                  00002240    0000000c     libclang_rt.builtins.a : aeabi_memset.S.obj (.text.__aeabi_memclr)
                  0000224c    0000000a     driverlib.a : dl_common.o (.text.DL_Common_delayCycles)
                  00002256    0000000a     libc.a : sprintf.c.obj (.text._outc)
                  00002260    00000008            : aeabi_portable.c.obj (.text.__aeabi_errno_addr)
                  00002268    00000008     libclang_rt.builtins.a : aeabi_memcpy.S.obj (.text.__aeabi_memcpy)
                  00002270    00000006     libc.a : exit.c.obj (.text:abort)
                  00002276    00000004     startup_mspm0g350x_ticlang.o (.text.Default_Handler)
                  0000227a    00000004     libsysbm.a : hostexit.c.obj (.text.HOSTexit)
                  0000227e    00000004     startup_mspm0g350x_ticlang.o (.text.Reset_Handler)
                  00002282    00000004     libc.a : pre_init.c.obj (.text._system_pre_init)
                  00002286    00000002     --HOLE-- [fill = 0]

.cinit     0    00002e80    00000030     
                  00002e80    0000000c     (__TI_handler_table)
                  00002e8c    00000008     (.cinit..bss.load) [load image, compression = zero_init]
                  00002e94    00000007     (.cinit..data.load) [load image, compression = lzss]
                  00002e9b    00000001     --HOLE-- [fill = 0]
                  00002e9c    00000010     (__TI_cinit_table)
                  00002eac    00000004     --HOLE-- [fill = 0]

.rodata    0    00002290    00000bf0     
                  00002290    000005f0     oled.o (.rodata.oled_asc2_1608)
                  00002880    00000474     oled.o (.rodata.oled_asc2_1206)
                  00002cf4    0000000a     ti_msp_dl_config.o (.rodata.gUART_0Config)
                  00002cfe    00000002     ti_msp_dl_config.o (.rodata.gUART_0ClockConfig)
                  00002d00    00000101     libc.a : aeabi_ctype.S.obj (.rodata:__aeabi_ctype_table_)
                  00002e01    00000003     ti_msp_dl_config.o (.rodata.gPWM_0ClockConfig)
                  00002e04    00000028     ti_msp_dl_config.o (.rodata.gSYSPLLConfig)
                  00002e2c    00000014     ti_msp_dl_config.o (.rodata.gTIMER_0TimerConfig)
                  00002e40    00000011     libc.a : _printfi.c.obj (.rodata.str1.10348868589481759720.1)
                  00002e51    00000011            : _printfi.c.obj (.rodata.str1.15363888844622738466.1)
                  00002e62    00000002     --HOLE-- [fill = 0]
                  00002e64    00000008     ti_msp_dl_config.o (.rodata.gPWM_0Config)
                  00002e6c    00000005     empty.o (.rodata.str1.9517790425240694019.1)
                  00002e71    00000003     ti_msp_dl_config.o (.rodata.gTIMER_0ClockConfig)
                  00002e74    0000000c     --HOLE-- [fill = 0]

.init_array 
*          0    00000000    00000000     UNINITIALIZED

.binit     0    00000000    00000000     

.bss       0    20200000    000004ec     UNINITIALIZED
                  20200000    00000400     (.common:OLED_GRAM)
                  20200400    000000bc     (.common:gPWM_0Backup)
                  202004bc    00000020     (.common:oled_buffer)
                  202004dc    00000004     (.common:Get_Encoder_countA)
                  202004e0    00000004     (.common:Get_Encoder_countB)
                  202004e4    00000004     (.common:gpio_interrup1)
                  202004e8    00000004     (.common:gpio_interrup2)

.data      0    202004ec    00000008     UNINITIALIZED
                  202004ec    00000004     libc.a : aeabi_portable.c.obj (.data.__aeabi_errno)
                  202004f0    00000004     empty.o (.data.temp)

.stack     0    20207e00    00000200     UNINITIALIZED
                  20207e00    00000004     libc.a : boot_cortex_m.c.obj (.stack)
                  20207e04    000001fc     --HOLE--

__llvm_prf_cnts 
*          0    20200000    00000000     UNINITIALIZED

__llvm_prf_bits 
*          0    20200000    00000000     UNINITIALIZED

MODULE SUMMARY

       Module                         code   ro data   rw data
       ------                         ----   -------   -------
    .\
       ti_msp_dl_config.o             1874   86        188    
       startup_mspm0g350x_ticlang.o   8      192       0      
       empty.o                        128    5         44     
    +--+------------------------------+------+---------+---------+
       Total:                         2010   283       232    
                                                              
    .\Hardware\
       oled.o                         1572   2660      1024   
       encoder.o                      362    0         8      
       motor.o                        312    0         0      
       board.o                        204    0         0      
       led.o                          44     0         0      
    +--+------------------------------+------+---------+---------+
       Total:                         2494   2660      1032   
                                                              
    C:/ti/mspm0_sdk_2_01_00_03/source/ti/driverlib/lib/ticlang/m0p/mspm0g1x0x_g3x0x/driverlib.a
       dl_timer.o                     652    0         0      
       dl_sysctl_mspm0g1x0x_g3x0x.o   288    0         0      
       dl_uart.o                      90     0         0      
       dl_common.o                    10     0         0      
    +--+------------------------------+------+---------+---------+
       Total:                         1040   0         0      
                                                              
    C:\ti\ccs2020\ccs\tools\compiler\ti-cgt-armllvm_4.0.3.LTS\lib\armv6m-ti-none-eabi/c/libc.a
       _printfi.c.obj                 2166   34        0      
       aeabi_ctype.S.obj              0      257       0      
       copy_decompress_lzss.c.obj     124    0         0      
       sprintf.c.obj                  90     0         0      
       atoi.c.obj                     64     0         0      
       autoinit.c.obj                 60     0         0      
       boot_cortex_m.c.obj            40     0         0      
       memccpy.c.obj                  34     0         0      
       copy_decompress_none.c.obj     18     0         0      
       memcpy16.S.obj                 18     0         0      
       copy_zero_init.c.obj           16     0         0      
       wcslen.c.obj                   16     0         0      
       memset16.S.obj                 14     0         0      
       aeabi_portable.c.obj           8      0         4      
       exit.c.obj                     6      0         0      
       pre_init.c.obj                 4      0         0      
    +--+------------------------------+------+---------+---------+
       Total:                         2678   291       4      
                                                              
    C:\ti\ccs2020\ccs\tools\compiler\ti-cgt-armllvm_4.0.3.LTS\lib\armv6m-ti-none-eabi/c/libsysbm.a
       hostexit.c.obj                 4      0         0      
    +--+------------------------------+------+---------+---------+
       Total:                         4      0         0      
                                                              
    C:\ti\ccs2020\ccs\tools\compiler\ti-cgt-armllvm_4.0.3.LTS\lib\armv6m-ti-none-eabi/libclang_rt.builtins.a
       udivmoddi4.S.obj               162    0         0      
       aeabi_uidivmod.S.obj           64     0         0      
       muldsi3.S.obj                  58     0         0      
       muldi3.S.obj                   36     0         0      
       ashldi3.S.obj                  30     0         0      
       aeabi_memset.S.obj             26     0         0      
       aeabi_uldivmod.S.obj           20     0         0      
       aeabi_memcpy.S.obj             8      0         0      
       aeabi_div0.c.obj               4      0         0      
    +--+------------------------------+------+---------+---------+
       Total:                         408    0         0      
                                                              
       Stack:                         0      0         512    
       Linker Generated:              0      43        0      
    +--+------------------------------+------+---------+---------+
       Grand Total:                   8634   3277      1780   


LINKER GENERATED COPY TABLES

__TI_cinit_table @ 00002e9c records: 2, size/record: 8, table size: 16
	.bss: load addr=00002e8c, load size=00000008 bytes, run addr=20200000, run size=000004ec bytes, compression=zero_init
	.data: load addr=00002e94, load size=00000007 bytes, run addr=202004ec, run size=00000008 bytes, compression=lzss


LINKER GENERATED HANDLER TABLE

__TI_handler_table @ 00002e80 records: 3, size/record: 4, table size: 12
	index: 0, handler: __TI_decompress_lzss
	index: 1, handler: __TI_decompress_none
	index: 2, handler: __TI_zero_init


GLOBAL SYMBOLS: SORTED ALPHABETICALLY BY Name 

address   name                                 
-------   ----                                 
00002277  ADC0_IRQHandler                      
00002277  ADC1_IRQHandler                      
00002277  AES_IRQHandler                       
0000227a  C$$EXIT                              
00002277  CANFD0_IRQHandler                    
00002277  DAC0_IRQHandler                      
0000224d  DL_Common_delayCycles                
00000f3d  DL_SYSCTL_configSYSPLL               
00001965  DL_SYSCTL_switchMCLKfromSYSOSCtoHSCLK
00001401  DL_TimerA_initPWMMode                
000010f5  DL_Timer_initPWMMode                 
00000d71  DL_Timer_initTimerMode               
00001e09  DL_Timer_setCaptCompUpdateMethod     
00001f61  DL_Timer_setCaptureCompareOutCtl     
000021c9  DL_Timer_setCaptureCompareValue      
00001e25  DL_Timer_setClockConfig              
0000191d  DL_UART_init                         
00002171  DL_UART_setClockConfig               
00002277  DMA_IRQHandler                       
00002277  Default_Handler                      
00002277  GROUP0_IRQHandler                    
00000929  GROUP1_IRQHandler                    
202004dc  Get_Encoder_countA                   
202004e0  Get_Encoder_countB                   
0000227b  HOSTexit                             
00002277  HardFault_Handler                    
00002277  I2C0_IRQHandler                      
00002277  I2C1_IRQHandler                      
000020a9  LED_Toggle                           
00002277  NMI_Handler                          
000017c9  OLED_Clear                           
0000125d  OLED_DrawPoint                       
20200000  OLED_GRAM                            
00000e59  OLED_Init                            
000020bd  OLED_RST_Clr                         
000020d1  OLED_RST_Set                         
000020e5  OLED_RS_Clr                          
000020f9  OLED_RS_Set                          
00001581  OLED_Refresh_Gram                    
0000210d  OLED_SCLK_Clr                        
00002121  OLED_SCLK_Set                        
00002135  OLED_SDIN_Clr                        
00002149  OLED_SDIN_Set                        
00000a49  OLED_ShowChar                        
00001019  OLED_ShowNumber                      
00001679  OLED_ShowString                      
000016f3  OLED_WR_Byte                         
00002277  PendSV_Handler                       
00002277  RTC_IRQHandler                       
0000227f  Reset_Handler                        
00002277  SPI0_IRQHandler                      
00002277  SPI1_IRQHandler                      
00002277  SVC_Handler                          
00000c69  SYSCFG_DL_GPIO_init                  
00001481  SYSCFG_DL_PWM_0_init                 
000018d1  SYSCFG_DL_SYSCTL_init                
000021d9  SYSCFG_DL_SYSTICK_init               
00001ad9  SYSCFG_DL_TIMER_0_init               
00001829  SYSCFG_DL_UART_0_init                
00001b6d  SYSCFG_DL_init                       
00001761  SYSCFG_DL_initPower                  
00000b5d  Set_PWM                              
00002277  SysTick_Handler                      
00002235  Systick_getTick                      
00002277  TIMA0_IRQHandler                     
00002277  TIMA1_IRQHandler                     
00002277  TIMG0_IRQHandler                     
00002277  TIMG12_IRQHandler                    
00002277  TIMG6_IRQHandler                     
00002277  TIMG7_IRQHandler                     
00002277  TIMG8_IRQHandler                     
00002183  TI_memcpy_small                      
00002225  TI_memset_small                      
00002277  UART0_IRQHandler                     
00002277  UART1_IRQHandler                     
00002277  UART2_IRQHandler                     
00002277  UART3_IRQHandler                     
20208000  __STACK_END                          
00000200  __STACK_SIZE                         
00000000  __TI_ATRegion0_region_sz             
00000000  __TI_ATRegion0_src_addr              
00000000  __TI_ATRegion0_trg_addr              
00000000  __TI_ATRegion1_region_sz             
00000000  __TI_ATRegion1_src_addr              
00000000  __TI_ATRegion1_trg_addr              
00000000  __TI_ATRegion2_region_sz             
00000000  __TI_ATRegion2_src_addr              
00000000  __TI_ATRegion2_trg_addr              
00002e9c  __TI_CINIT_Base                      
00002eac  __TI_CINIT_Limit                     
00002eac  __TI_CINIT_Warm                      
00002e80  __TI_Handler_Table_Base              
00002e8c  __TI_Handler_Table_Limit             
00001a29  __TI_auto_init_nobinit_nopinit       
000015fd  __TI_decompress_lzss                 
00002195  __TI_decompress_none                 
ffffffff  __TI_pprof_out_hndl                  
000000c1  __TI_printfi_nofloat                 
ffffffff  __TI_prof_data_size                  
ffffffff  __TI_prof_data_start                 
00000000  __TI_static_base__                   
000021f9  __TI_zero_init                       
00002d00  __aeabi_ctype_table_                 
00002d00  __aeabi_ctype_table_C                
202004ec  __aeabi_errno                        
00002261  __aeabi_errno_addr                   
0000125b  __aeabi_idiv0                        
00001a9f  __aeabi_ldiv0                        
00001d09  __aeabi_llsl                         
00001c61  __aeabi_lmul                         
00002241  __aeabi_memclr                       
00002241  __aeabi_memclr4                      
00002241  __aeabi_memclr8                      
00002269  __aeabi_memcpy                       
00002269  __aeabi_memcpy4                      
00002269  __aeabi_memcpy8                      
00002209  __aeabi_memset                       
00002209  __aeabi_memset4                      
00002209  __aeabi_memset8                      
000019a9  __aeabi_uidiv                        
000019a9  __aeabi_uidivmod                     
0000215d  __aeabi_uldivmod                     
00001d09  __ashldi3                            
ffffffff  __binit__                            
UNDEFED   __mpu_init                           
00001c61  __muldi3                             
00001a65  __muldsi3                            
20207e00  __stack                              
20200000  __start___llvm_prf_bits              
20200000  __start___llvm_prf_cnts              
20200000  __stop___llvm_prf_bits               
20200000  __stop___llvm_prf_cnts               
000011b9  __udivmoddi4                         
00001c39  _c_int00_noargs                      
UNDEFED   _system_post_cinit                   
00002283  _system_pre_init                     
00002271  abort                                
000019e9  atoi                                 
ffffffff  binit                                
00001b0d  delay_ms                             
000012ed  delay_us                             
20200400  gPWM_0Backup                         
202004e4  gpio_interrup1                       
202004e8  gpio_interrup2                       
00000000  interruptVectors                     
00001501  main                                 
00001c85  memccpy                              
00002880  oled_asc2_1206                       
00002290  oled_asc2_1608                       
202004bc  oled_buffer                          
00001b3d  oled_pow                             
00001aa1  sprintf                              
202004f0  temp                                 
000021e9  wcslen                               


GLOBAL SYMBOLS: SORTED BY Symbol Address 

address   name                                 
-------   ----                                 
00000000  __TI_ATRegion0_region_sz             
00000000  __TI_ATRegion0_src_addr              
00000000  __TI_ATRegion0_trg_addr              
00000000  __TI_ATRegion1_region_sz             
00000000  __TI_ATRegion1_src_addr              
00000000  __TI_ATRegion1_trg_addr              
00000000  __TI_ATRegion2_region_sz             
00000000  __TI_ATRegion2_src_addr              
00000000  __TI_ATRegion2_trg_addr              
00000000  __TI_static_base__                   
00000000  interruptVectors                     
000000c1  __TI_printfi_nofloat                 
00000200  __STACK_SIZE                         
00000929  GROUP1_IRQHandler                    
00000a49  OLED_ShowChar                        
00000b5d  Set_PWM                              
00000c69  SYSCFG_DL_GPIO_init                  
00000d71  DL_Timer_initTimerMode               
00000e59  OLED_Init                            
00000f3d  DL_SYSCTL_configSYSPLL               
00001019  OLED_ShowNumber                      
000010f5  DL_Timer_initPWMMode                 
000011b9  __udivmoddi4                         
0000125b  __aeabi_idiv0                        
0000125d  OLED_DrawPoint                       
000012ed  delay_us                             
00001401  DL_TimerA_initPWMMode                
00001481  SYSCFG_DL_PWM_0_init                 
00001501  main                                 
00001581  OLED_Refresh_Gram                    
000015fd  __TI_decompress_lzss                 
00001679  OLED_ShowString                      
000016f3  OLED_WR_Byte                         
00001761  SYSCFG_DL_initPower                  
000017c9  OLED_Clear                           
00001829  SYSCFG_DL_UART_0_init                
000018d1  SYSCFG_DL_SYSCTL_init                
0000191d  DL_UART_init                         
00001965  DL_SYSCTL_switchMCLKfromSYSOSCtoHSCLK
000019a9  __aeabi_uidiv                        
000019a9  __aeabi_uidivmod                     
000019e9  atoi                                 
00001a29  __TI_auto_init_nobinit_nopinit       
00001a65  __muldsi3                            
00001a9f  __aeabi_ldiv0                        
00001aa1  sprintf                              
00001ad9  SYSCFG_DL_TIMER_0_init               
00001b0d  delay_ms                             
00001b3d  oled_pow                             
00001b6d  SYSCFG_DL_init                       
00001c39  _c_int00_noargs                      
00001c61  __aeabi_lmul                         
00001c61  __muldi3                             
00001c85  memccpy                              
00001d09  __aeabi_llsl                         
00001d09  __ashldi3                            
00001e09  DL_Timer_setCaptCompUpdateMethod     
00001e25  DL_Timer_setClockConfig              
00001f61  DL_Timer_setCaptureCompareOutCtl     
000020a9  LED_Toggle                           
000020bd  OLED_RST_Clr                         
000020d1  OLED_RST_Set                         
000020e5  OLED_RS_Clr                          
000020f9  OLED_RS_Set                          
0000210d  OLED_SCLK_Clr                        
00002121  OLED_SCLK_Set                        
00002135  OLED_SDIN_Clr                        
00002149  OLED_SDIN_Set                        
0000215d  __aeabi_uldivmod                     
00002171  DL_UART_setClockConfig               
00002183  TI_memcpy_small                      
00002195  __TI_decompress_none                 
000021c9  DL_Timer_setCaptureCompareValue      
000021d9  SYSCFG_DL_SYSTICK_init               
000021e9  wcslen                               
000021f9  __TI_zero_init                       
00002209  __aeabi_memset                       
00002209  __aeabi_memset4                      
00002209  __aeabi_memset8                      
00002225  TI_memset_small                      
00002235  Systick_getTick                      
00002241  __aeabi_memclr                       
00002241  __aeabi_memclr4                      
00002241  __aeabi_memclr8                      
0000224d  DL_Common_delayCycles                
00002261  __aeabi_errno_addr                   
00002269  __aeabi_memcpy                       
00002269  __aeabi_memcpy4                      
00002269  __aeabi_memcpy8                      
00002271  abort                                
00002277  ADC0_IRQHandler                      
00002277  ADC1_IRQHandler                      
00002277  AES_IRQHandler                       
00002277  CANFD0_IRQHandler                    
00002277  DAC0_IRQHandler                      
00002277  DMA_IRQHandler                       
00002277  Default_Handler                      
00002277  GROUP0_IRQHandler                    
00002277  HardFault_Handler                    
00002277  I2C0_IRQHandler                      
00002277  I2C1_IRQHandler                      
00002277  NMI_Handler                          
00002277  PendSV_Handler                       
00002277  RTC_IRQHandler                       
00002277  SPI0_IRQHandler                      
00002277  SPI1_IRQHandler                      
00002277  SVC_Handler                          
00002277  SysTick_Handler                      
00002277  TIMA0_IRQHandler                     
00002277  TIMA1_IRQHandler                     
00002277  TIMG0_IRQHandler                     
00002277  TIMG12_IRQHandler                    
00002277  TIMG6_IRQHandler                     
00002277  TIMG7_IRQHandler                     
00002277  TIMG8_IRQHandler                     
00002277  UART0_IRQHandler                     
00002277  UART1_IRQHandler                     
00002277  UART2_IRQHandler                     
00002277  UART3_IRQHandler                     
0000227a  C$$EXIT                              
0000227b  HOSTexit                             
0000227f  Reset_Handler                        
00002283  _system_pre_init                     
00002290  oled_asc2_1608                       
00002880  oled_asc2_1206                       
00002d00  __aeabi_ctype_table_                 
00002d00  __aeabi_ctype_table_C                
00002e80  __TI_Handler_Table_Base              
00002e8c  __TI_Handler_Table_Limit             
00002e9c  __TI_CINIT_Base                      
00002eac  __TI_CINIT_Limit                     
00002eac  __TI_CINIT_Warm                      
20200000  OLED_GRAM                            
20200000  __start___llvm_prf_bits              
20200000  __start___llvm_prf_cnts              
20200000  __stop___llvm_prf_bits               
20200000  __stop___llvm_prf_cnts               
20200400  gPWM_0Backup                         
202004bc  oled_buffer                          
202004dc  Get_Encoder_countA                   
202004e0  Get_Encoder_countB                   
202004e4  gpio_interrup1                       
202004e8  gpio_interrup2                       
202004ec  __aeabi_errno                        
202004f0  temp                                 
20207e00  __stack                              
20208000  __STACK_END                          
ffffffff  __TI_pprof_out_hndl                  
ffffffff  __TI_prof_data_size                  
ffffffff  __TI_prof_data_start                 
ffffffff  __binit__                            
ffffffff  binit                                
UNDEFED   __mpu_init                           
UNDEFED   _system_post_cinit                   

[154 symbols]
