******************************************************************************
            TI ARM Clang Linker PC v4.0.3                      
******************************************************************************
>> Linked Wed Jul 30 14:00:17 2025

OUTPUT FILE NAME:   <empty_LP_MSPM0G3507_nortos_ticlang.out>
ENTRY POINT SYMBOL: "_c_int00_noargs"  address: 00000b31


MEMORY CONFIGURATION

         name            origin    length      used     unused   attr    fill
----------------------  --------  ---------  --------  --------  ----  --------
  FLASH                 00000000   00020000  00001000  0001f000  R  X
  SRAM                  20200000   00008000  000002cc  00007d34  RW X
  BCR_CONFIG            41c00000   00000080  00000000  00000080  R   
  BSL_CONFIG            41c00100   00000080  00000000  00000080  R   


SEGMENT ALLOCATION MAP

run origin  load origin   length   init length attrs members
----------  ----------- ---------- ----------- ----- -------
00000000    00000000    00001000   00001000    r-x
  00000000    00000000    000000c0   000000c0    r-- .intvecs
  000000c0    000000c0    00000ed0   00000ed0    r-x .text
  00000f90    00000f90    00000058   00000058    r-- .rodata
  00000fe8    00000fe8    00000018   00000018    r-- .cinit
20200000    20200000    000000cc   00000000    rw-
  20200000    20200000    000000cc   00000000    rw- .bss
20207e00    20207e00    00000200   00000000    rw-
  20207e00    20207e00    00000200   00000000    rw- .stack


SECTION ALLOCATION MAP

 output                                  attributes/
section   page    origin      length       input sections
--------  ----  ----------  ----------   ----------------
.intvecs   0    00000000    000000c0     
                  00000000    000000c0     startup_mspm0g350x_ticlang.o (.intvecs)

.text      0    000000c0    00000ed0     
                  000000c0    00000120     encoder.o (.text.GROUP1_IRQHandler)
                  000001e0    0000010c     motor.o (.text.Set_PWM)
                  000002ec    000000ec     ti_msp_dl_config.o (.text.SYSCFG_DL_GPIO_init)
                  000003d8    000000e8     driverlib.a : dl_timer.o (.text.DL_Timer_initTimerMode)
                  000004c0    000000dc                 : dl_sysctl_mspm0g1x0x_g3x0x.o (.text.DL_SYSCTL_configSYSPLL)
                  0000059c    000000c4                 : dl_timer.o (.text.DL_Timer_initPWMMode)
                  00000660    00000084     ti_msp_dl_config.o (.text.__NVIC_SetPriority)
                  000006e4    00000080     driverlib.a : dl_timer.o (.text.DL_TimerA_initPWMMode)
                  00000764    00000080     ti_msp_dl_config.o (.text.SYSCFG_DL_PWM_0_init)
                  000007e4    00000068     ti_msp_dl_config.o (.text.SYSCFG_DL_initPower)
                  0000084c    0000005c     ti_msp_dl_config.o (.text.SYSCFG_DL_UART_0_init)
                  000008a8    0000004c     ti_msp_dl_config.o (.text.DL_UART_setBaudRateDivisor)
                  000008f4    0000004c     ti_msp_dl_config.o (.text.SYSCFG_DL_SYSCTL_init)
                  00000940    00000048     driverlib.a : dl_uart.o (.text.DL_UART_init)
                  00000988    00000044                 : dl_sysctl_mspm0g1x0x_g3x0x.o (.text.DL_SYSCTL_switchMCLKfromSYSOSCtoHSCLK)
                  000009cc    0000003c     libc.a : autoinit.c.obj (.text:__TI_auto_init_nobinit_nopinit)
                  00000a08    00000034     ti_msp_dl_config.o (.text.SYSCFG_DL_TIMER_0_init)
                  00000a3c    0000002c     ti_msp_dl_config.o (.text.SYSCFG_DL_init)
                  00000a68    00000028     ti_msp_dl_config.o (.text.DL_Common_updateReg)
                  00000a90    00000028     ti_msp_dl_config.o (.text.DL_SYSTICK_init)
                  00000ab8    00000028     ti_msp_dl_config.o (.text.DL_UART_setRXFIFOThreshold)
                  00000ae0    00000028     ti_msp_dl_config.o (.text.DL_UART_setTXFIFOThreshold)
                  00000b08    00000028     empty.o (.text.main)
                  00000b30    00000028     libc.a : boot_cortex_m.c.obj (.text:_c_int00_noargs)
                  00000b58    00000020     ti_msp_dl_config.o (.text.DL_GPIO_initPeripheralInputFunction)
                  00000b78    00000020     ti_msp_dl_config.o (.text.DL_SYSCTL_setFlashWaitState)
                  00000b98    0000001e     ti_msp_dl_config.o (.text.DL_UART_setOversampling)
                  00000bb6    00000002     --HOLE-- [fill = 0]
                  00000bb8    0000001c     encoder.o (.text.DL_GPIO_clearInterruptStatus)
                  00000bd4    0000001c     ti_msp_dl_config.o (.text.DL_GPIO_clearInterruptStatus)
                  00000bf0    0000001c     ti_msp_dl_config.o (.text.DL_GPIO_enableInterrupt)
                  00000c0c    0000001c     ti_msp_dl_config.o (.text.DL_GPIO_initDigitalInput)
                  00000c28    0000001c     ti_msp_dl_config.o (.text.DL_GPIO_initPeripheralOutputFunction)
                  00000c44    0000001c     ti_msp_dl_config.o (.text.DL_SYSCTL_setSYSOSCFreq)
                  00000c60    0000001c     ti_msp_dl_config.o (.text.DL_SYSCTL_setULPCLKDivider)
                  00000c7c    0000001c     ti_msp_dl_config.o (.text.DL_Timer_enableInterrupt)
                  00000c98    0000001c     driverlib.a : dl_timer.o (.text.DL_Timer_setCaptCompUpdateMethod)
                  00000cb4    0000001c                 : dl_timer.o (.text.DL_Timer_setClockConfig)
                  00000cd0    00000018     ti_msp_dl_config.o (.text.DL_GPIO_enableOutput)
                  00000ce8    00000018     ti_msp_dl_config.o (.text.DL_GPIO_enablePower)
                  00000d00    00000018     encoder.o (.text.DL_GPIO_getEnabledInterruptStatus)
                  00000d18    00000018     ti_msp_dl_config.o (.text.DL_GPIO_initDigitalOutput)
                  00000d30    00000018     ti_msp_dl_config.o (.text.DL_GPIO_reset)
                  00000d48    00000018     motor.o (.text.DL_GPIO_setPins)
                  00000d60    00000018     ti_msp_dl_config.o (.text.DL_GPIO_setUpperPinsPolarity)
                  00000d78    00000018     led.o (.text.DL_GPIO_togglePins)
                  00000d90    00000018     ti_msp_dl_config.o (.text.DL_SYSCTL_setBORThreshold)
                  00000da8    00000018     ti_msp_dl_config.o (.text.DL_Timer_enablePower)
                  00000dc0    00000018     ti_msp_dl_config.o (.text.DL_Timer_reset)
                  00000dd8    00000018     driverlib.a : dl_timer.o (.text.DL_Timer_setCaptureCompareOutCtl)
                  00000df0    00000018     ti_msp_dl_config.o (.text.DL_UART_enableFIFOs)
                  00000e08    00000018     ti_msp_dl_config.o (.text.DL_UART_enablePower)
                  00000e20    00000018     ti_msp_dl_config.o (.text.DL_UART_reset)
                  00000e38    00000016     encoder.o (.text.DL_GPIO_readPins)
                  00000e4e    00000016     ti_msp_dl_config.o (.text.DL_UART_enable)
                  00000e64    00000016     ti_msp_dl_config.o (.text.DL_UART_enableLoopbackMode)
                  00000e7a    00000016     libc.a : copy_zero_init.c.obj (.text:decompress:ZI:__TI_zero_init_nomemset)
                  00000e90    00000014     motor.o (.text.DL_GPIO_clearPins)
                  00000ea4    00000014     ti_msp_dl_config.o (.text.DL_GPIO_clearPins)
                  00000eb8    00000014     ti_msp_dl_config.o (.text.DL_SYSCTL_disableSYSPLL)
                  00000ecc    00000014     ti_msp_dl_config.o (.text.DL_SYSCTL_enableMFCLK)
                  00000ee0    00000014     ti_msp_dl_config.o (.text.DL_Timer_enableClock)
                  00000ef4    00000014     ti_msp_dl_config.o (.text.DL_Timer_setCCPDirection)
                  00000f08    00000014     led.o (.text.LED_Toggle)
                  00000f1c    00000012     driverlib.a : dl_uart.o (.text.DL_UART_setClockConfig)
                  00000f2e    00000002     --HOLE-- [fill = 0]
                  00000f30    00000010     ti_msp_dl_config.o (.text.DL_SYSCTL_disableHFXT)
                  00000f40    00000010     ti_msp_dl_config.o (.text.DL_SYSTICK_enable)
                  00000f50    00000010     driverlib.a : dl_timer.o (.text.DL_Timer_setCaptureCompareValue)
                  00000f60    00000010     ti_msp_dl_config.o (.text.SYSCFG_DL_SYSTICK_init)
                  00000f70    0000000a     driverlib.a : dl_common.o (.text.DL_Common_delayCycles)
                  00000f7a    00000006     libc.a : exit.c.obj (.text:abort)
                  00000f80    00000004     startup_mspm0g350x_ticlang.o (.text.Default_Handler)
                  00000f84    00000004     libsysbm.a : hostexit.c.obj (.text.HOSTexit)
                  00000f88    00000004     startup_mspm0g350x_ticlang.o (.text.Reset_Handler)
                  00000f8c    00000004     libc.a : pre_init.c.obj (.text._system_pre_init)

.cinit     0    00000fe8    00000018     
                  00000fe8    00000008     (.cinit..bss.load) [load image, compression = zero_init]
                  00000ff0    00000004     (__TI_handler_table)
                  00000ff4    00000008     (__TI_cinit_table)
                  00000ffc    00000004     --HOLE-- [fill = 0]

.rodata    0    00000f90    00000058     
                  00000f90    00000028     ti_msp_dl_config.o (.rodata.gSYSPLLConfig)
                  00000fb8    00000014     ti_msp_dl_config.o (.rodata.gTIMER_0TimerConfig)
                  00000fcc    0000000a     ti_msp_dl_config.o (.rodata.gUART_0Config)
                  00000fd6    00000002     ti_msp_dl_config.o (.rodata.gUART_0ClockConfig)
                  00000fd8    00000008     ti_msp_dl_config.o (.rodata.gPWM_0Config)
                  00000fe0    00000003     ti_msp_dl_config.o (.rodata.gPWM_0ClockConfig)
                  00000fe3    00000003     ti_msp_dl_config.o (.rodata.gTIMER_0ClockConfig)
                  00000fe6    00000002     --HOLE-- [fill = 0]

.init_array 
*          0    00000000    00000000     UNINITIALIZED

.binit     0    00000000    00000000     

.bss       0    20200000    000000cc     UNINITIALIZED
                  20200000    000000bc     (.common:gPWM_0Backup)
                  202000bc    00000004     (.common:Get_Encoder_countA)
                  202000c0    00000004     (.common:Get_Encoder_countB)
                  202000c4    00000004     (.common:gpio_interrup1)
                  202000c8    00000004     (.common:gpio_interrup2)

.stack     0    20207e00    00000200     UNINITIALIZED
                  20207e00    00000004     libc.a : boot_cortex_m.c.obj (.stack)
                  20207e04    000001fc     --HOLE--

__llvm_prf_cnts 
*          0    20200000    00000000     UNINITIALIZED

__llvm_prf_bits 
*          0    20200000    00000000     UNINITIALIZED

MODULE SUMMARY

       Module                         code   ro data   rw data
       ------                         ----   -------   -------
    .\
       ti_msp_dl_config.o             1846   86        188    
       startup_mspm0g350x_ticlang.o   8      192       0      
       empty.o                        40     0         8      
    +--+------------------------------+------+---------+---------+
       Total:                         1894   278       196    
                                                              
    .\Hardware\
       encoder.o                      362    0         8      
       motor.o                        312    0         0      
       led.o                          44     0         0      
    +--+------------------------------+------+---------+---------+
       Total:                         718    0         8      
                                                              
    C:/ti/mspm0_sdk_2_01_00_03/source/ti/driverlib/lib/ticlang/m0p/mspm0g1x0x_g3x0x/driverlib.a
       dl_timer.o                     652    0         0      
       dl_sysctl_mspm0g1x0x_g3x0x.o   288    0         0      
       dl_uart.o                      90     0         0      
       dl_common.o                    10     0         0      
    +--+------------------------------+------+---------+---------+
       Total:                         1040   0         0      
                                                              
    C:\ti\ccs2020\ccs\tools\compiler\ti-cgt-armllvm_4.0.3.LTS\lib\armv6m-ti-none-eabi/c/libc.a
       autoinit.c.obj                 60     0         0      
       boot_cortex_m.c.obj            40     0         0      
       copy_zero_init.c.obj           22     0         0      
       exit.c.obj                     6      0         0      
       pre_init.c.obj                 4      0         0      
    +--+------------------------------+------+---------+---------+
       Total:                         132    0         0      
                                                              
    C:\ti\ccs2020\ccs\tools\compiler\ti-cgt-armllvm_4.0.3.LTS\lib\armv6m-ti-none-eabi/c/libsysbm.a
       hostexit.c.obj                 4      0         0      
    +--+------------------------------+------+---------+---------+
       Total:                         4      0         0      
                                                              
       Stack:                         0      0         512    
       Linker Generated:              0      20        0      
    +--+------------------------------+------+---------+---------+
       Grand Total:                   3788   298       716    


LINKER GENERATED COPY TABLES

__TI_cinit_table @ 00000ff4 records: 1, size/record: 8, table size: 8
	.bss: load addr=00000fe8, load size=00000008 bytes, run addr=20200000, run size=000000cc bytes, compression=zero_init


LINKER GENERATED HANDLER TABLE

__TI_handler_table @ 00000ff0 records: 1, size/record: 4, table size: 4
	index: 0, handler: __TI_zero_init


GLOBAL SYMBOLS: SORTED ALPHABETICALLY BY Name 

address   name                                 
-------   ----                                 
00000f81  ADC0_IRQHandler                      
00000f81  ADC1_IRQHandler                      
00000f81  AES_IRQHandler                       
00000f84  C$$EXIT                              
00000f81  CANFD0_IRQHandler                    
00000f81  DAC0_IRQHandler                      
00000f71  DL_Common_delayCycles                
000004c1  DL_SYSCTL_configSYSPLL               
00000989  DL_SYSCTL_switchMCLKfromSYSOSCtoHSCLK
000006e5  DL_TimerA_initPWMMode                
0000059d  DL_Timer_initPWMMode                 
000003d9  DL_Timer_initTimerMode               
00000c99  DL_Timer_setCaptCompUpdateMethod     
00000dd9  DL_Timer_setCaptureCompareOutCtl     
00000f51  DL_Timer_setCaptureCompareValue      
00000cb5  DL_Timer_setClockConfig              
00000941  DL_UART_init                         
00000f1d  DL_UART_setClockConfig               
00000f81  DMA_IRQHandler                       
00000f81  Default_Handler                      
00000f81  GROUP0_IRQHandler                    
000000c1  GROUP1_IRQHandler                    
202000bc  Get_Encoder_countA                   
202000c0  Get_Encoder_countB                   
00000f85  HOSTexit                             
00000f81  HardFault_Handler                    
00000f81  I2C0_IRQHandler                      
00000f81  I2C1_IRQHandler                      
00000f09  LED_Toggle                           
00000f81  NMI_Handler                          
00000f81  PendSV_Handler                       
00000f81  RTC_IRQHandler                       
00000f89  Reset_Handler                        
00000f81  SPI0_IRQHandler                      
00000f81  SPI1_IRQHandler                      
00000f81  SVC_Handler                          
000002ed  SYSCFG_DL_GPIO_init                  
00000765  SYSCFG_DL_PWM_0_init                 
000008f5  SYSCFG_DL_SYSCTL_init                
00000f61  SYSCFG_DL_SYSTICK_init               
00000a09  SYSCFG_DL_TIMER_0_init               
0000084d  SYSCFG_DL_UART_0_init                
00000a3d  SYSCFG_DL_init                       
000007e5  SYSCFG_DL_initPower                  
000001e1  Set_PWM                              
00000f81  SysTick_Handler                      
00000f81  TIMA0_IRQHandler                     
00000f81  TIMA1_IRQHandler                     
00000f81  TIMG0_IRQHandler                     
00000f81  TIMG12_IRQHandler                    
00000f81  TIMG6_IRQHandler                     
00000f81  TIMG7_IRQHandler                     
00000f81  TIMG8_IRQHandler                     
00000f81  UART0_IRQHandler                     
00000f81  UART1_IRQHandler                     
00000f81  UART2_IRQHandler                     
00000f81  UART3_IRQHandler                     
20208000  __STACK_END                          
00000200  __STACK_SIZE                         
00000000  __TI_ATRegion0_region_sz             
00000000  __TI_ATRegion0_src_addr              
00000000  __TI_ATRegion0_trg_addr              
00000000  __TI_ATRegion1_region_sz             
00000000  __TI_ATRegion1_src_addr              
00000000  __TI_ATRegion1_trg_addr              
00000000  __TI_ATRegion2_region_sz             
00000000  __TI_ATRegion2_src_addr              
00000000  __TI_ATRegion2_trg_addr              
00000ff4  __TI_CINIT_Base                      
00000ffc  __TI_CINIT_Limit                     
00000ffc  __TI_CINIT_Warm                      
00000ff0  __TI_Handler_Table_Base              
00000ff4  __TI_Handler_Table_Limit             
000009cd  __TI_auto_init_nobinit_nopinit       
ffffffff  __TI_pprof_out_hndl                  
ffffffff  __TI_prof_data_size                  
ffffffff  __TI_prof_data_start                 
00000000  __TI_static_base__                   
00000e7b  __TI_zero_init_nomemset              
ffffffff  __binit__                            
UNDEFED   __mpu_init                           
20207e00  __stack                              
20200000  __start___llvm_prf_bits              
20200000  __start___llvm_prf_cnts              
20200000  __stop___llvm_prf_bits               
20200000  __stop___llvm_prf_cnts               
00000b31  _c_int00_noargs                      
UNDEFED   _system_post_cinit                   
00000f8d  _system_pre_init                     
00000f7b  abort                                
ffffffff  binit                                
20200000  gPWM_0Backup                         
202000c4  gpio_interrup1                       
202000c8  gpio_interrup2                       
00000000  interruptVectors                     
00000b09  main                                 


GLOBAL SYMBOLS: SORTED BY Symbol Address 

address   name                                 
-------   ----                                 
00000000  __TI_ATRegion0_region_sz             
00000000  __TI_ATRegion0_src_addr              
00000000  __TI_ATRegion0_trg_addr              
00000000  __TI_ATRegion1_region_sz             
00000000  __TI_ATRegion1_src_addr              
00000000  __TI_ATRegion1_trg_addr              
00000000  __TI_ATRegion2_region_sz             
00000000  __TI_ATRegion2_src_addr              
00000000  __TI_ATRegion2_trg_addr              
00000000  __TI_static_base__                   
00000000  interruptVectors                     
000000c1  GROUP1_IRQHandler                    
000001e1  Set_PWM                              
00000200  __STACK_SIZE                         
000002ed  SYSCFG_DL_GPIO_init                  
000003d9  DL_Timer_initTimerMode               
000004c1  DL_SYSCTL_configSYSPLL               
0000059d  DL_Timer_initPWMMode                 
000006e5  DL_TimerA_initPWMMode                
00000765  SYSCFG_DL_PWM_0_init                 
000007e5  SYSCFG_DL_initPower                  
0000084d  SYSCFG_DL_UART_0_init                
000008f5  SYSCFG_DL_SYSCTL_init                
00000941  DL_UART_init                         
00000989  DL_SYSCTL_switchMCLKfromSYSOSCtoHSCLK
000009cd  __TI_auto_init_nobinit_nopinit       
00000a09  SYSCFG_DL_TIMER_0_init               
00000a3d  SYSCFG_DL_init                       
00000b09  main                                 
00000b31  _c_int00_noargs                      
00000c99  DL_Timer_setCaptCompUpdateMethod     
00000cb5  DL_Timer_setClockConfig              
00000dd9  DL_Timer_setCaptureCompareOutCtl     
00000e7b  __TI_zero_init_nomemset              
00000f09  LED_Toggle                           
00000f1d  DL_UART_setClockConfig               
00000f51  DL_Timer_setCaptureCompareValue      
00000f61  SYSCFG_DL_SYSTICK_init               
00000f71  DL_Common_delayCycles                
00000f7b  abort                                
00000f81  ADC0_IRQHandler                      
00000f81  ADC1_IRQHandler                      
00000f81  AES_IRQHandler                       
00000f81  CANFD0_IRQHandler                    
00000f81  DAC0_IRQHandler                      
00000f81  DMA_IRQHandler                       
00000f81  Default_Handler                      
00000f81  GROUP0_IRQHandler                    
00000f81  HardFault_Handler                    
00000f81  I2C0_IRQHandler                      
00000f81  I2C1_IRQHandler                      
00000f81  NMI_Handler                          
00000f81  PendSV_Handler                       
00000f81  RTC_IRQHandler                       
00000f81  SPI0_IRQHandler                      
00000f81  SPI1_IRQHandler                      
00000f81  SVC_Handler                          
00000f81  SysTick_Handler                      
00000f81  TIMA0_IRQHandler                     
00000f81  TIMA1_IRQHandler                     
00000f81  TIMG0_IRQHandler                     
00000f81  TIMG12_IRQHandler                    
00000f81  TIMG6_IRQHandler                     
00000f81  TIMG7_IRQHandler                     
00000f81  TIMG8_IRQHandler                     
00000f81  UART0_IRQHandler                     
00000f81  UART1_IRQHandler                     
00000f81  UART2_IRQHandler                     
00000f81  UART3_IRQHandler                     
00000f84  C$$EXIT                              
00000f85  HOSTexit                             
00000f89  Reset_Handler                        
00000f8d  _system_pre_init                     
00000ff0  __TI_Handler_Table_Base              
00000ff4  __TI_CINIT_Base                      
00000ff4  __TI_Handler_Table_Limit             
00000ffc  __TI_CINIT_Limit                     
00000ffc  __TI_CINIT_Warm                      
20200000  __start___llvm_prf_bits              
20200000  __start___llvm_prf_cnts              
20200000  __stop___llvm_prf_bits               
20200000  __stop___llvm_prf_cnts               
20200000  gPWM_0Backup                         
202000bc  Get_Encoder_countA                   
202000c0  Get_Encoder_countB                   
202000c4  gpio_interrup1                       
202000c8  gpio_interrup2                       
20207e00  __stack                              
20208000  __STACK_END                          
ffffffff  __TI_pprof_out_hndl                  
ffffffff  __TI_prof_data_size                  
ffffffff  __TI_prof_data_start                 
ffffffff  __binit__                            
ffffffff  binit                                
UNDEFED   __mpu_init                           
UNDEFED   _system_post_cinit                   

[96 symbols]
